Archive member included to satisfy reference by file (symbol)

c:/program files (x86)/gcc-arm-none-eabi-5_4-2016q2-20160622-win32/bin/../lib/gcc/arm-none-eabi/5.4.1/armv7e-m/fpu\libgcc.a(_aeabi_uldivmod.o)
                              ./src/nrf5-sdk/libraries/bsp/bsp.o (__aeabi_uldivmod)
c:/program files (x86)/gcc-arm-none-eabi-5_4-2016q2-20160622-win32/bin/../lib/gcc/arm-none-eabi/5.4.1/armv7e-m/fpu\libgcc.a(_udivmoddi4.o)
                              c:/program files (x86)/gcc-arm-none-eabi-5_4-2016q2-20160622-win32/bin/../lib/gcc/arm-none-eabi/5.4.1/armv7e-m/fpu\libgcc.a(_aeabi_uldivmod.o) (__udivmoddi4)
c:/program files (x86)/gcc-arm-none-eabi-5_4-2016q2-20160622-win32/bin/../lib/gcc/arm-none-eabi/5.4.1/armv7e-m/fpu\libgcc.a(_dvmd_tls.o)
                              c:/program files (x86)/gcc-arm-none-eabi-5_4-2016q2-20160622-win32/bin/../lib/gcc/arm-none-eabi/5.4.1/armv7e-m/fpu\libgcc.a(_aeabi_uldivmod.o) (__aeabi_ldiv0)
c:/program files (x86)/gcc-arm-none-eabi-5_4-2016q2-20160622-win32/bin/../lib/gcc/arm-none-eabi/5.4.1/../../../../arm-none-eabi/lib/armv7e-m/fpu\libg_nano.a(lib_a-ctype_.o)
                              ./src/nrf5-sdk/libraries/experimental_log/nrf_log_str_formatter.o (__ctype_ptr__)
c:/program files (x86)/gcc-arm-none-eabi-5_4-2016q2-20160622-win32/bin/../lib/gcc/arm-none-eabi/5.4.1/../../../../arm-none-eabi/lib/armv7e-m/fpu\libg_nano.a(lib_a-exit.o)
                              c:/program files (x86)/gcc-arm-none-eabi-5_4-2016q2-20160622-win32/bin/../lib/gcc/arm-none-eabi/5.4.1/../../../../arm-none-eabi/lib/armv7e-m/fpu/crt0.o (exit)
c:/program files (x86)/gcc-arm-none-eabi-5_4-2016q2-20160622-win32/bin/../lib/gcc/arm-none-eabi/5.4.1/../../../../arm-none-eabi/lib/armv7e-m/fpu\libg_nano.a(lib_a-impure.o)
                              c:/program files (x86)/gcc-arm-none-eabi-5_4-2016q2-20160622-win32/bin/../lib/gcc/arm-none-eabi/5.4.1/../../../../arm-none-eabi/lib/armv7e-m/fpu\libg_nano.a(lib_a-exit.o) (_global_impure_ptr)
c:/program files (x86)/gcc-arm-none-eabi-5_4-2016q2-20160622-win32/bin/../lib/gcc/arm-none-eabi/5.4.1/../../../../arm-none-eabi/lib/armv7e-m/fpu\libg_nano.a(lib_a-init.o)
                              c:/program files (x86)/gcc-arm-none-eabi-5_4-2016q2-20160622-win32/bin/../lib/gcc/arm-none-eabi/5.4.1/../../../../arm-none-eabi/lib/armv7e-m/fpu/crt0.o (__libc_init_array)
c:/program files (x86)/gcc-arm-none-eabi-5_4-2016q2-20160622-win32/bin/../lib/gcc/arm-none-eabi/5.4.1/../../../../arm-none-eabi/lib/armv7e-m/fpu\libg_nano.a(lib_a-memcpy-stub.o)
                              ./src/segger-rtt/SEGGER_RTT.o (memcpy)
c:/program files (x86)/gcc-arm-none-eabi-5_4-2016q2-20160622-win32/bin/../lib/gcc/arm-none-eabi/5.4.1/../../../../arm-none-eabi/lib/armv7e-m/fpu\libg_nano.a(lib_a-memset.o)
                              c:/program files (x86)/gcc-arm-none-eabi-5_4-2016q2-20160622-win32/bin/../lib/gcc/arm-none-eabi/5.4.1/../../../../arm-none-eabi/lib/armv7e-m/fpu/crt0.o (memset)
c:/program files (x86)/gcc-arm-none-eabi-5_4-2016q2-20160622-win32/bin/../lib/gcc/arm-none-eabi/5.4.1/../../../../arm-none-eabi/lib/armv7e-m/fpu\libg_nano.a(lib_a-printf.o)
                              ./src/application.o (printf)
c:/program files (x86)/gcc-arm-none-eabi-5_4-2016q2-20160622-win32/bin/../lib/gcc/arm-none-eabi/5.4.1/../../../../arm-none-eabi/lib/armv7e-m/fpu\libg_nano.a(lib_a-strcpy.o)
                              ./src/segger-rtt/SEGGER_RTT.o (strcpy)
c:/program files (x86)/gcc-arm-none-eabi-5_4-2016q2-20160622-win32/bin/../lib/gcc/arm-none-eabi/5.4.1/../../../../arm-none-eabi/lib/armv7e-m/fpu\libg_nano.a(lib_a-strlen.o)
                              ./src/segger-rtt/SEGGER_RTT.o (strlen)
c:/program files (x86)/gcc-arm-none-eabi-5_4-2016q2-20160622-win32/bin/../lib/gcc/arm-none-eabi/5.4.1/../../../../arm-none-eabi/lib/armv7e-m/fpu\libg_nano.a(lib_a-findfp.o)
                              c:/program files (x86)/gcc-arm-none-eabi-5_4-2016q2-20160622-win32/bin/../lib/gcc/arm-none-eabi/5.4.1/../../../../arm-none-eabi/lib/armv7e-m/fpu\libg_nano.a(lib_a-printf.o) (__sinit)
c:/program files (x86)/gcc-arm-none-eabi-5_4-2016q2-20160622-win32/bin/../lib/gcc/arm-none-eabi/5.4.1/../../../../arm-none-eabi/lib/armv7e-m/fpu\libg_nano.a(lib_a-fwalk.o)
                              c:/program files (x86)/gcc-arm-none-eabi-5_4-2016q2-20160622-win32/bin/../lib/gcc/arm-none-eabi/5.4.1/../../../../arm-none-eabi/lib/armv7e-m/fpu\libg_nano.a(lib_a-findfp.o) (_fwalk)
c:/program files (x86)/gcc-arm-none-eabi-5_4-2016q2-20160622-win32/bin/../lib/gcc/arm-none-eabi/5.4.1/../../../../arm-none-eabi/lib/armv7e-m/fpu\libg_nano.a(lib_a-nano-mallocr.o)
                              c:/program files (x86)/gcc-arm-none-eabi-5_4-2016q2-20160622-win32/bin/../lib/gcc/arm-none-eabi/5.4.1/../../../../arm-none-eabi/lib/armv7e-m/fpu\libg_nano.a(lib_a-findfp.o) (_malloc_r)
[...]
Memory Configuration

Name             Origin             Length             Attributes
FLASH            0x00023000         0x0005d000         xr
RAM              0x200020e0         0x0000df20         xrw
*default*        0x00000000         0xffffffff

Linker script and memory map


.text           0x00023000    0x1434c
 *(.isr_vector)
 .isr_vector    0x00023000      0x200 ./src/nrf5-sdk/toolchain/gcc/gcc_startup_nrf52.o
                0x00023000                __isr_vector
 *(.text*)
 .text          0x00023200        0x0 c:/program files (x86)/gcc-arm-none-eabi-5_4-2016q2-20160622-win32/bin/../lib/gcc/arm-none-eabi/5.4.1/armv7e-m/fpu/crti.o
 .text          0x00023200       0x5c c:/program files (x86)/gcc-arm-none-eabi-5_4-2016q2-20160622-win32/bin/../lib/gcc/arm-none-eabi/5.4.1/armv7e-m/fpu/crtbegin.o
 .text          0x0002325c       0x74 c:/program files (x86)/gcc-arm-none-eabi-5_4-2016q2-20160622-win32/bin/../lib/gcc/arm-none-eabi/5.4.1/../../../../arm-none-eabi/lib/armv7e-m/fpu/crt0.o
                0x0002325c                _start
                0x0002325c                _mainCRTStartup
 .text          0x000232d0        0x0 ./src/segger-rtt/SEGGER_RTT.o
 .text.sd_mutex_new
                0x000232d0        0x8 ./src/segger-rtt/SEGGER_RTT.o
 .text.sd_mutex_acquire
                0x000232d8        0x8 ./src/segger-rtt/SEGGER_RTT.o
 .text.sd_mutex_release
                0x000232e0        0x8 ./src/segger-rtt/SEGGER_RTT.o
 .text.sd_rand_application_pool_capacity_get
                0x000232e8        0x8 ./src/segger-rtt/SEGGER_RTT.o
 .text.sd_rand_application_bytes_available_get
                0x000232f0        0x8 ./src/segger-rtt/SEGGER_RTT.o
 .text.sd_rand_application_vector_get
                0x000232f8        0x8 ./src/segger-rtt/SEGGER_RTT.o
 .text.sd_power_reset_reason_get
                0x00023300        0x8 ./src/segger-rtt/SEGGER_RTT.o
 .text.sd_power_reset_reason_clr
                0x00023308        0x8 ./src/segger-rtt/SEGGER_RTT.o
 .text.sd_power_mode_set
                0x00023310        0x8 ./src/segger-rtt/SEGGER_RTT.o
 .text.sd_power_system_off
                0x00023318        0x8 ./src/segger-rtt/SEGGER_RTT.o
 .text.sd_power_pof_enable
                0x00023320        0x8 ./src/segger-rtt/SEGGER_RTT.o
 .text.sd_power_pof_threshold_set
                0x00023328        0x8 ./src/segger-rtt/SEGGER_RTT.o
 .text.sd_power_ram_power_set
                0x00023330        0x8 ./src/segger-rtt/SEGGER_RTT.o
 .text.sd_power_ram_power_clr
                0x00023338        0x8 ./src/segger-rtt/SEGGER_RTT.o
 .text.sd_power_ram_power_get
                0x00023340        0x8 ./src/segger-rtt/SEGGER_RTT.o
 .text.sd_power_gpregret_set
                0x00023348        0x8 ./src/segger-rtt/SEGGER_RTT.o
 .text.sd_power_gpregret_clr
                0x00023350        0x8 ./src/segger-rtt/SEGGER_RTT.o
 .text.sd_power_gpregret_get
                0x00023358        0x8 ./src/segger-rtt/SEGGER_RTT.o
 .text.sd_power_dcdc_mode_set
                0x00023360        0x8 ./src/segger-rtt/SEGGER_RTT.o
 .text.sd_clock_hfclk_request
                0x00023368        0x8 ./src/segger-rtt/SEGGER_RTT.o
 .text.sd_clock_hfclk_release
                0x00023370        0x8 ./src/segger-rtt/SEGGER_RTT.o
 .text.sd_clock_hfclk_is_running
                0x00023378        0x8 ./src/segger-rtt/SEGGER_RTT.o
 .text.sd_app_evt_wait
                0x00023380        0x8 ./src/segger-rtt/SEGGER_RTT.o
 .text.sd_ppi_channel_enable_get
                0x00023388        0x8 ./src/segger-rtt/SEGGER_RTT.o
 .text.sd_ppi_channel_enable_set
                0x00023390        0x8 ./src/segger-rtt/SEGGER_RTT.o
 .text.sd_ppi_channel_enable_clr
                0x00023398        0x8 ./src/segger-rtt/SEGGER_RTT.o
 .text.sd_ppi_channel_assign
                0x000233a0        0x8 ./src/segger-rtt/SEGGER_RTT.o
 .text.sd_ppi_group_task_enable
                0x000233a8        0x8 ./src/segger-rtt/SEGGER_RTT.o
 .text.sd_ppi_group_task_disable
                0x000233b0        0x8 ./src/segger-rtt/SEGGER_RTT.o
 .text.sd_ppi_group_assign
                0x000233b8        0x8 ./src/segger-rtt/SEGGER_RTT.o
 .text.sd_ppi_group_get
                0x000233c0        0x8 ./src/segger-rtt/SEGGER_RTT.o
 .text.sd_radio_notification_cfg_set
                0x000233c8        0x8 ./src/segger-rtt/SEGGER_RTT.o
 .text.sd_ecb_block_encrypt
                0x000233d0        0x8 ./src/segger-rtt/SEGGER_RTT.o
 .text.sd_ecb_blocks_encrypt
                0x000233d8        0x8 ./src/segger-rtt/SEGGER_RTT.o
 .text.sd_evt_get
                0x000233e0        0x8 ./src/segger-rtt/SEGGER_RTT.o
 .text.sd_temp_get
                0x000233e8        0x8 ./src/segger-rtt/SEGGER_RTT.o
 .text.sd_flash_write
                0x000233f0        0x8 ./src/segger-rtt/SEGGER_RTT.o
 .text.sd_flash_page_erase
                0x000233f8        0x8 ./src/segger-rtt/SEGGER_RTT.o
 .text.sd_flash_protect
                0x00023400        0x8 ./src/segger-rtt/SEGGER_RTT.o
 .text.sd_radio_session_open
                0x00023408        0x8 ./src/segger-rtt/SEGGER_RTT.o
 .text.sd_radio_session_close
                0x00023410        0x8 ./src/segger-rtt/SEGGER_RTT.o
 .text.sd_radio_request
                0x00023418        0x8 ./src/segger-rtt/SEGGER_RTT.o
 .text._DoInit  0x00023420       0x9c ./src/segger-rtt/SEGGER_RTT.o
 .text._WriteBlocking
                0x000234bc       0xb4 ./src/segger-rtt/SEGGER_RTT.o
 .text._WriteNoCheck
                0x00023570       0x80 ./src/segger-rtt/SEGGER_RTT.o
 .text._PostTerminalSwitch
                0x000235f0       0x34 ./src/segger-rtt/SEGGER_RTT.o
 .text._GetAvailWriteSpace
                0x00023624       0x48 ./src/segger-rtt/SEGGER_RTT.o
 .text.SEGGER_RTT_ReadNoLock
                0x0002366c      0x104 ./src/segger-rtt/SEGGER_RTT.o
                0x0002366c                SEGGER_RTT_ReadNoLock
 .text.SEGGER_RTT_Read
                0x00023770       0x38 ./src/segger-rtt/SEGGER_RTT.o
                0x00023770                SEGGER_RTT_Read
 .text.SEGGER_RTT_WriteWithOverwriteNoLock
                0x000237a8      0x118 ./src/segger-rtt/SEGGER_RTT.o
                0x000237a8                SEGGER_RTT_WriteWithOverwriteNoLock
 .text.SEGGER_RTT_WriteSkipNoLock
                0x000238c0      0x120 ./src/segger-rtt/SEGGER_RTT.o
                0x000238c0                SEGGER_RTT_WriteSkipNoLock
 .text.SEGGER_RTT_WriteNoLock
                0x000239e0       0x9c ./src/segger-rtt/SEGGER_RTT.o
                0x000239e0                SEGGER_RTT_WriteNoLock
 .text.SEGGER_RTT_Write
                0x00023a7c       0x48 ./src/segger-rtt/SEGGER_RTT.o
                0x00023a7c                SEGGER_RTT_Write
 .text.SEGGER_RTT_WriteString
                0x00023ac4       0x28 ./src/segger-rtt/SEGGER_RTT.o
                0x00023ac4                SEGGER_RTT_WriteString
 .text.SEGGER_RTT_PutCharSkipNoLock
                0x00023aec       0x70 ./src/segger-rtt/SEGGER_RTT.o
                0x00023aec                SEGGER_RTT_PutCharSkipNoLock
 .text.SEGGER_RTT_PutCharSkip
                0x00023b5c       0x8c ./src/segger-rtt/SEGGER_RTT.o
                0x00023b5c                SEGGER_RTT_PutCharSkip
 .text.SEGGER_RTT_PutChar
                0x00023be8       0xa0 ./src/segger-rtt/SEGGER_RTT.o
                0x00023be8                SEGGER_RTT_PutChar
 .text.SEGGER_RTT_GetKey
                0x00023c88       0x34 ./src/segger-rtt/SEGGER_RTT.o
                0x00023c88                SEGGER_RTT_GetKey
 .text.SEGGER_RTT_WaitKey
                0x00023cbc       0x1c ./src/segger-rtt/SEGGER_RTT.o
                0x00023cbc                SEGGER_RTT_WaitKey
 .text.SEGGER_RTT_HasKey
                0x00023cd8       0x3c ./src/segger-rtt/SEGGER_RTT.o
                0x00023cd8                SEGGER_RTT_HasKey
 .text.SEGGER_RTT_HasData
                0x00023d14       0x38 ./src/segger-rtt/SEGGER_RTT.o
                0x00023d14                SEGGER_RTT_HasData
 .text.SEGGER_RTT_AllocDownBuffer
                0x00023d4c       0xf8 ./src/segger-rtt/SEGGER_RTT.o
                0x00023d4c                SEGGER_RTT_AllocDownBuffer
 .text.SEGGER_RTT_AllocUpBuffer
                0x00023e44       0xfc ./src/segger-rtt/SEGGER_RTT.o
                0x00023e44                SEGGER_RTT_AllocUpBuffer
 .text.SEGGER_RTT_ConfigUpBuffer
                0x00023f40       0xd8 ./src/segger-rtt/SEGGER_RTT.o
                0x00023f40                SEGGER_RTT_ConfigUpBuffer
 .text.SEGGER_RTT_ConfigDownBuffer
                0x00024018       0xd4 ./src/segger-rtt/SEGGER_RTT.o
                0x00024018                SEGGER_RTT_ConfigDownBuffer
 .text.SEGGER_RTT_SetNameUpBuffer
                0x000240ec       0x68 ./src/segger-rtt/SEGGER_RTT.o
                0x000240ec                SEGGER_RTT_SetNameUpBuffer
 .text.SEGGER_RTT_SetNameDownBuffer
                0x00024154       0x68 ./src/segger-rtt/SEGGER_RTT.o
                0x00024154                SEGGER_RTT_SetNameDownBuffer
 .text.SEGGER_RTT_SetFlagsUpBuffer
                0x000241bc       0x68 ./src/segger-rtt/SEGGER_RTT.o
                0x000241bc                SEGGER_RTT_SetFlagsUpBuffer
 .text.SEGGER_RTT_SetFlagsDownBuffer
                0x00024224       0x68 ./src/segger-rtt/SEGGER_RTT.o
                0x00024224                SEGGER_RTT_SetFlagsDownBuffer
 .text.SEGGER_RTT_Init
                0x0002428c        0xc ./src/segger-rtt/SEGGER_RTT.o
                0x0002428c                SEGGER_RTT_Init
 .text.SEGGER_RTT_SetTerminal
                0x00024298       0xb4 ./src/segger-rtt/SEGGER_RTT.o
                0x00024298                SEGGER_RTT_SetTerminal
 .text.SEGGER_RTT_TerminalOut
                0x0002434c      0x120 ./src/segger-rtt/SEGGER_RTT.o
                0x0002434c                SEGGER_RTT_TerminalOut
 .text          0x0002446c        0x0 ./src/segger-rtt/SEGGER_RTT_Syscalls_GCC.o
 .text.sd_mutex_new
                0x0002446c        0x8 ./src/segger-rtt/SEGGER_RTT_Syscalls_GCC.o
 .text.sd_mutex_acquire
                0x00024474        0x8 ./src/segger-rtt/SEGGER_RTT_Syscalls_GCC.o
 .text.sd_mutex_release
                0x0002447c        0x8 ./src/segger-rtt/SEGGER_RTT_Syscalls_GCC.o
 .text.sd_rand_application_pool_capacity_get
                0x00024484        0x8 ./src/segger-rtt/SEGGER_RTT_Syscalls_GCC.o
 .text.sd_rand_application_bytes_available_get
                0x0002448c        0x8 ./src/segger-rtt/SEGGER_RTT_Syscalls_GCC.o
 .text.sd_rand_application_vector_get
                0x00024494        0x8 ./src/segger-rtt/SEGGER_RTT_Syscalls_GCC.o
 .text.sd_power_reset_reason_get
                0x0002449c        0x8 ./src/segger-rtt/SEGGER_RTT_Syscalls_GCC.o
 .text.sd_power_reset_reason_clr
                0x000244a4        0x8 ./src/segger-rtt/SEGGER_RTT_Syscalls_GCC.o
 .text.sd_power_mode_set
                0x000244ac        0x8 ./src/segger-rtt/SEGGER_RTT_Syscalls_GCC.o
 .text.sd_power_system_off
                0x000244b4        0x8 ./src/segger-rtt/SEGGER_RTT_Syscalls_GCC.o
 .text.sd_power_pof_enable
                0x000244bc        0x8 ./src/segger-rtt/SEGGER_RTT_Syscalls_GCC.o
 .text.sd_power_pof_threshold_set
                0x000244c4        0x8 ./src/segger-rtt/SEGGER_RTT_Syscalls_GCC.o
 .text.sd_power_ram_power_set
                0x000244cc        0x8 ./src/segger-rtt/SEGGER_RTT_Syscalls_GCC.o
 .text.sd_power_ram_power_clr
                0x000244d4        0x8 ./src/segger-rtt/SEGGER_RTT_Syscalls_GCC.o
 .text.sd_power_ram_power_get
                0x000244dc        0x8 ./src/segger-rtt/SEGGER_RTT_Syscalls_GCC.o
 .text.sd_power_gpregret_set
                0x000244e4        0x8 ./src/segger-rtt/SEGGER_RTT_Syscalls_GCC.o
 .text.sd_power_gpregret_clr
                0x000244ec        0x8 ./src/segger-rtt/SEGGER_RTT_Syscalls_GCC.o
 .text.sd_power_gpregret_get
                0x000244f4        0x8 ./src/segger-rtt/SEGGER_RTT_Syscalls_GCC.o
 .text.sd_power_dcdc_mode_set
                0x000244fc        0x8 ./src/segger-rtt/SEGGER_RTT_Syscalls_GCC.o
 .text.sd_clock_hfclk_request
                0x00024504        0x8 ./src/segger-rtt/SEGGER_RTT_Syscalls_GCC.o
 .text.sd_clock_hfclk_release
                0x0002450c        0x8 ./src/segger-rtt/SEGGER_RTT_Syscalls_GCC.o
 .text.sd_clock_hfclk_is_running
                0x00024514        0x8 ./src/segger-rtt/SEGGER_RTT_Syscalls_GCC.o
 .text.sd_app_evt_wait
                0x0002451c        0x8 ./src/segger-rtt/SEGGER_RTT_Syscalls_GCC.o
 .text.sd_ppi_channel_enable_get
                0x00024524        0x8 ./src/segger-rtt/SEGGER_RTT_Syscalls_GCC.o
 .text.sd_ppi_channel_enable_set
                0x0002452c        0x8 ./src/segger-rtt/SEGGER_RTT_Syscalls_GCC.o
 .text.sd_ppi_channel_enable_clr
                0x00024534        0x8 ./src/segger-rtt/SEGGER_RTT_Syscalls_GCC.o
 .text.sd_ppi_channel_assign
                0x0002453c        0x8 ./src/segger-rtt/SEGGER_RTT_Syscalls_GCC.o
 .text.sd_ppi_group_task_enable
                0x00024544        0x8 ./src/segger-rtt/SEGGER_RTT_Syscalls_GCC.o
 .text.sd_ppi_group_task_disable
                0x0002454c        0x8 ./src/segger-rtt/SEGGER_RTT_Syscalls_GCC.o
 .text.sd_ppi_group_assign
                0x00024554        0x8 ./src/segger-rtt/SEGGER_RTT_Syscalls_GCC.o
 .text.sd_ppi_group_get
                0x0002455c        0x8 ./src/segger-rtt/SEGGER_RTT_Syscalls_GCC.o
 .text.sd_radio_notification_cfg_set
                0x00024564        0x8 ./src/segger-rtt/SEGGER_RTT_Syscalls_GCC.o
 .text.sd_ecb_block_encrypt
                0x0002456c        0x8 ./src/segger-rtt/SEGGER_RTT_Syscalls_GCC.o
 .text.sd_ecb_blocks_encrypt
                0x00024574        0x8 ./src/segger-rtt/SEGGER_RTT_Syscalls_GCC.o
 .text.sd_evt_get
                0x0002457c        0x8 ./src/segger-rtt/SEGGER_RTT_Syscalls_GCC.o
 .text.sd_temp_get
                0x00024584        0x8 ./src/segger-rtt/SEGGER_RTT_Syscalls_GCC.o
 .text.sd_flash_write
                0x0002458c        0x8 ./src/segger-rtt/SEGGER_RTT_Syscalls_GCC.o
 .text.sd_flash_page_erase
                0x00024594        0x8 ./src/segger-rtt/SEGGER_RTT_Syscalls_GCC.o
 .text.sd_flash_protect
                0x0002459c        0x8 ./src/segger-rtt/SEGGER_RTT_Syscalls_GCC.o
 .text.sd_radio_session_open
                0x000245a4        0x8 ./src/segger-rtt/SEGGER_RTT_Syscalls_GCC.o
 .text.sd_radio_session_close
                0x000245ac        0x8 ./src/segger-rtt/SEGGER_RTT_Syscalls_GCC.o
 .text.sd_radio_request
                0x000245b4        0x8 ./src/segger-rtt/SEGGER_RTT_Syscalls_GCC.o
 .text._write   0x000245bc       0x24 ./src/segger-rtt/SEGGER_RTT_Syscalls_GCC.o
                0x000245bc                _write
 .text._write_r
                0x000245e0       0x24 ./src/segger-rtt/SEGGER_RTT_Syscalls_GCC.o
                0x000245e0                _write_r
 .text          0x00024604        0x0 ./src/segger-rtt/SEGGER_RTT_printf.o
 .text.sd_mutex_new
                0x00024604        0x8 ./src/segger-rtt/SEGGER_RTT_printf.o
 .text.sd_mutex_acquire
                0x0002460c        0x8 ./src/segger-rtt/SEGGER_RTT_printf.o
 .text.sd_mutex_release
                0x00024614        0x8 ./src/segger-rtt/SEGGER_RTT_printf.o
 .text.sd_rand_application_pool_capacity_get
                0x0002461c        0x8 ./src/segger-rtt/SEGGER_RTT_printf.o
 .text.sd_rand_application_bytes_available_get
                0x00024624        0x8 ./src/segger-rtt/SEGGER_RTT_printf.o
 .text.sd_rand_application_vector_get
                0x0002462c        0x8 ./src/segger-rtt/SEGGER_RTT_printf.o
 .text.sd_power_reset_reason_get
                0x00024634        0x8 ./src/segger-rtt/SEGGER_RTT_printf.o
 .text.sd_power_reset_reason_clr
                0x0002463c        0x8 ./src/segger-rtt/SEGGER_RTT_printf.o
 .text.sd_power_mode_set
                0x00024644        0x8 ./src/segger-rtt/SEGGER_RTT_printf.o
 .text.sd_power_system_off
                0x0002464c        0x8 ./src/segger-rtt/SEGGER_RTT_printf.o
 .text.sd_power_pof_enable
                0x00024654        0x8 ./src/segger-rtt/SEGGER_RTT_printf.o
 .text.sd_power_pof_threshold_set
                0x0002465c        0x8 ./src/segger-rtt/SEGGER_RTT_printf.o
 .text.sd_power_ram_power_set
                0x00024664        0x8 ./src/segger-rtt/SEGGER_RTT_printf.o
 .text.sd_power_ram_power_clr
                0x0002466c        0x8 ./src/segger-rtt/SEGGER_RTT_printf.o
 .text.sd_power_ram_power_get
                0x00024674        0x8 ./src/segger-rtt/SEGGER_RTT_printf.o
 .text.sd_power_gpregret_set
                0x0002467c        0x8 ./src/segger-rtt/SEGGER_RTT_printf.o
 .text.sd_power_gpregret_clr
                0x00024684        0x8 ./src/segger-rtt/SEGGER_RTT_printf.o
 .text.sd_power_gpregret_get
                0x0002468c        0x8 ./src/segger-rtt/SEGGER_RTT_printf.o
 .text.sd_power_dcdc_mode_set
                0x00024694        0x8 ./src/segger-rtt/SEGGER_RTT_printf.o
 .text.sd_clock_hfclk_request
                0x0002469c        0x8 ./src/segger-rtt/SEGGER_RTT_printf.o
 .text.sd_clock_hfclk_release
                0x000246a4        0x8 ./src/segger-rtt/SEGGER_RTT_printf.o
 .text.sd_clock_hfclk_is_running
                0x000246ac        0x8 ./src/segger-rtt/SEGGER_RTT_printf.o
 .text.sd_app_evt_wait
                0x000246b4        0x8 ./src/segger-rtt/SEGGER_RTT_printf.o
 .text.sd_ppi_channel_enable_get
                0x000246bc        0x8 ./src/segger-rtt/SEGGER_RTT_printf.o
 .text.sd_ppi_channel_enable_set
                0x000246c4        0x8 ./src/segger-rtt/SEGGER_RTT_printf.o
 .text.sd_ppi_channel_enable_clr
                0x000246cc        0x8 ./src/segger-rtt/SEGGER_RTT_printf.o
 .text.sd_ppi_channel_assign
                0x000246d4        0x8 ./src/segger-rtt/SEGGER_RTT_printf.o
 .text.sd_ppi_group_task_enable
                0x000246dc        0x8 ./src/segger-rtt/SEGGER_RTT_printf.o
 .text.sd_ppi_group_task_disable
                0x000246e4        0x8 ./src/segger-rtt/SEGGER_RTT_printf.o
 .text.sd_ppi_group_assign
                0x000246ec        0x8 ./src/segger-rtt/SEGGER_RTT_printf.o
 .text.sd_ppi_group_get
                0x000246f4        0x8 ./src/segger-rtt/SEGGER_RTT_printf.o
 .text.sd_radio_notification_cfg_set
                0x000246fc        0x8 ./src/segger-rtt/SEGGER_RTT_printf.o
 .text.sd_ecb_block_encrypt
                0x00024704        0x8 ./src/segger-rtt/SEGGER_RTT_printf.o
 .text.sd_ecb_blocks_encrypt
                0x0002470c        0x8 ./src/segger-rtt/SEGGER_RTT_printf.o
 .text.sd_evt_get
                0x00024714        0x8 ./src/segger-rtt/SEGGER_RTT_printf.o
 .text.sd_temp_get
                0x0002471c        0x8 ./src/segger-rtt/SEGGER_RTT_printf.o
 .text.sd_flash_write
                0x00024724        0x8 ./src/segger-rtt/SEGGER_RTT_printf.o
 .text.sd_flash_page_erase
                0x0002472c        0x8 ./src/segger-rtt/SEGGER_RTT_printf.o
 .text.sd_flash_protect
                0x00024734        0x8 ./src/segger-rtt/SEGGER_RTT_printf.o
 .text.sd_radio_session_open
                0x0002473c        0x8 ./src/segger-rtt/SEGGER_RTT_printf.o
 .text.sd_radio_session_close
                0x00024744        0x8 ./src/segger-rtt/SEGGER_RTT_printf.o
 .text.sd_radio_request
                0x0002474c        0x8 ./src/segger-rtt/SEGGER_RTT_printf.o
 .text._StoreChar
                0x00024754       0x7c ./src/segger-rtt/SEGGER_RTT_printf.o
 .text._PrintUnsigned
                0x000247d0      0x158 ./src/segger-rtt/SEGGER_RTT_printf.o
 .text._PrintInt
                0x00024928      0x150 ./src/segger-rtt/SEGGER_RTT_printf.o
 .text.SEGGER_RTT_vprintf
                0x00024a78      0x32c ./src/segger-rtt/SEGGER_RTT_printf.o
                0x00024a78                SEGGER_RTT_vprintf
 .text.SEGGER_RTT_printf
                0x00024da4       0x30 ./src/segger-rtt/SEGGER_RTT_printf.o
                0x00024da4                SEGGER_RTT_printf
 .text          0x00024dd4       0x3c ./src/nrf5-sdk/toolchain/gcc/gcc_startup_nrf52.o
                0x00024dd4                Reset_Handler
                0x00024dfc                NMI_Handler
                0x00024dfe                HardFault_Handler
                0x00024e00                MemoryManagement_Handler
                0x00024e02                BusFault_Handler
                0x00024e04                UsageFault_Handler
                0x00024e06                SVC_Handler
                0x00024e08                DebugMon_Handler
                0x00024e0a                PendSV_Handler
                0x00024e0c                SysTick_Handler
                0x00024e0e                PDM_IRQHandler
                0x00024e0e                TEMP_IRQHandler
                0x00024e0e                QDEC_IRQHandler
                0x00024e0e                TIMER3_IRQHandler
                0x00024e0e                FPU_IRQHandler
                0x00024e0e                SPIM0_SPIS0_TWIM0_TWIS0_SPI0_TWI0_IRQHandler
                0x00024e0e                RADIO_IRQHandler
                0x00024e0e                TIMER4_IRQHandler
                0x00024e0e                I2S_IRQHandler
                0x00024e0e                SWI4_EGU4_IRQHandler
                0x00024e0e                TIMER0_IRQHandler
                0x00024e0e                POWER_CLOCK_IRQHandler
                0x00024e0e                RTC0_IRQHandler
                0x00024e0e                PWM2_IRQHandler
                0x00024e0e                ECB_IRQHandler
                0x00024e0e                SPIM1_SPIS1_TWIM1_TWIS1_SPI1_TWI1_IRQHandler
                0x00024e0e                Default_Handler
                0x00024e0e                SAADC_IRQHandler
                0x00024e0e                CCM_AAR_IRQHandler
                0x00024e0e                WDT_IRQHandler
                0x00024e0e                PWM1_IRQHandler
                0x00024e0e                SWI5_EGU5_IRQHandler
                0x00024e0e                RNG_IRQHandler
                0x00024e0e                RTC2_IRQHandler
                0x00024e0e                PWM0_IRQHandler
                0x00024e0e                SWI3_EGU3_IRQHandler
                0x00024e0e                SWI1_EGU1_IRQHandler
                0x00024e0e                SPIM2_SPIS2_SPI2_IRQHandler
                0x00024e0e                NFCT_IRQHandler
                0x00024e0e                TIMER1_IRQHandler
                0x00024e0e                MWU_IRQHandler
                0x00024e0e                TIMER2_IRQHandler
                0x00024e0e                COMP_LPCOMP_IRQHandler
 .text          0x00024e10        0x0 ./src/nrf5-sdk/toolchain/system_nrf52.o
 .text.SystemCoreClockUpdate
                0x00024e10       0x1c ./src/nrf5-sdk/toolchain/system_nrf52.o
                0x00024e10                SystemCoreClockUpdate
 .text.SystemInit
                0x00024e2c      0x248 ./src/nrf5-sdk/toolchain/system_nrf52.o
                0x00024e2c                SystemInit
 .text.errata_12
                0x00025074       0x64 ./src/nrf5-sdk/toolchain/system_nrf52.o
 .text.errata_16
                0x000250d8       0x44 ./src/nrf5-sdk/toolchain/system_nrf52.o
 .text.errata_31
                0x0002511c       0x64 ./src/nrf5-sdk/toolchain/system_nrf52.o
 .text.errata_32
                0x00025180       0x44 ./src/nrf5-sdk/toolchain/system_nrf52.o
 .text.errata_36
                0x000251c4       0x64 ./src/nrf5-sdk/toolchain/system_nrf52.o
 .text.errata_37
                0x00025228       0x44 ./src/nrf5-sdk/toolchain/system_nrf52.o
 .text.errata_57
                0x0002526c       0x44 ./src/nrf5-sdk/toolchain/system_nrf52.o
 .text.errata_66
                0x000252b0       0x44 ./src/nrf5-sdk/toolchain/system_nrf52.o
 .text.errata_108
                0x000252f4       0x64 ./src/nrf5-sdk/toolchain/system_nrf52.o
 .text.errata_136
                0x00025358       0x64 ./src/nrf5-sdk/toolchain/system_nrf52.o
 .text          0x000253bc        0x0 ./src/nrf5-sdk/softdevice/common/nrf_sdh.o
 .text.NVIC_EnableIRQ
                0x000253bc       0x34 ./src/nrf5-sdk/softdevice/common/nrf_sdh.o
 .text.NVIC_DisableIRQ
                0x000253f0       0x34 ./src/nrf5-sdk/softdevice/common/nrf_sdh.o
 .text.NVIC_SetPendingIRQ
                0x00025424       0x34 ./src/nrf5-sdk/softdevice/common/nrf_sdh.o
 .text.NVIC_SetPriority
                0x00025458       0x54 ./src/nrf5-sdk/softdevice/common/nrf_sdh.o
 .text.NVIC_GetPriority
                0x000254ac       0x50 ./src/nrf5-sdk/softdevice/common/nrf_sdh.o
 .text.nrf_section_iter_get
                0x000254fc       0x18 ./src/nrf5-sdk/softdevice/common/nrf_sdh.o
 .text.sd_mutex_new
                0x00025514        0x8 ./src/nrf5-sdk/softdevice/common/nrf_sdh.o
 .text.sd_mutex_acquire
                0x0002551c        0x8 ./src/nrf5-sdk/softdevice/common/nrf_sdh.o
 .text.sd_mutex_release
                0x00025524        0x8 ./src/nrf5-sdk/softdevice/common/nrf_sdh.o
 .text.sd_rand_application_pool_capacity_get
                0x0002552c        0x8 ./src/nrf5-sdk/softdevice/common/nrf_sdh.o
 .text.sd_rand_application_bytes_available_get
                0x00025534        0x8 ./src/nrf5-sdk/softdevice/common/nrf_sdh.o
 .text.sd_rand_application_vector_get
                0x0002553c        0x8 ./src/nrf5-sdk/softdevice/common/nrf_sdh.o
 .text.sd_power_reset_reason_get
                0x00025544        0x8 ./src/nrf5-sdk/softdevice/common/nrf_sdh.o
 .text.sd_power_reset_reason_clr
                0x0002554c        0x8 ./src/nrf5-sdk/softdevice/common/nrf_sdh.o
 .text.sd_power_mode_set
                0x00025554        0x8 ./src/nrf5-sdk/softdevice/common/nrf_sdh.o
 .text.sd_power_system_off
                0x0002555c        0x8 ./src/nrf5-sdk/softdevice/common/nrf_sdh.o
 .text.sd_power_pof_enable
                0x00025564        0x8 ./src/nrf5-sdk/softdevice/common/nrf_sdh.o
 .text.sd_power_pof_threshold_set
                0x0002556c        0x8 ./src/nrf5-sdk/softdevice/common/nrf_sdh.o
 .text.sd_power_ram_power_set
                0x00025574        0x8 ./src/nrf5-sdk/softdevice/common/nrf_sdh.o
 .text.sd_power_ram_power_clr
                0x0002557c        0x8 ./src/nrf5-sdk/softdevice/common/nrf_sdh.o
 .text.sd_power_ram_power_get
                0x00025584        0x8 ./src/nrf5-sdk/softdevice/common/nrf_sdh.o
 .text.sd_power_gpregret_set
                0x0002558c        0x8 ./src/nrf5-sdk/softdevice/common/nrf_sdh.o
 .text.sd_power_gpregret_clr
                0x00025594        0x8 ./src/nrf5-sdk/softdevice/common/nrf_sdh.o
 .text.sd_power_gpregret_get
                0x0002559c        0x8 ./src/nrf5-sdk/softdevice/common/nrf_sdh.o
 .text.sd_power_dcdc_mode_set
                0x000255a4        0x8 ./src/nrf5-sdk/softdevice/common/nrf_sdh.o
 .text.sd_clock_hfclk_request
                0x000255ac        0x8 ./src/nrf5-sdk/softdevice/common/nrf_sdh.o
 .text.sd_clock_hfclk_release
                0x000255b4        0x8 ./src/nrf5-sdk/softdevice/common/nrf_sdh.o
 .text.sd_clock_hfclk_is_running
                0x000255bc        0x8 ./src/nrf5-sdk/softdevice/common/nrf_sdh.o
 .text.sd_app_evt_wait
                0x000255c4        0x8 ./src/nrf5-sdk/softdevice/common/nrf_sdh.o
 .text.sd_ppi_channel_enable_get
                0x000255cc        0x8 ./src/nrf5-sdk/softdevice/common/nrf_sdh.o
 .text.sd_ppi_channel_enable_set
                0x000255d4        0x8 ./src/nrf5-sdk/softdevice/common/nrf_sdh.o
 .text.sd_ppi_channel_enable_clr
                0x000255dc        0x8 ./src/nrf5-sdk/softdevice/common/nrf_sdh.o
 .text.sd_ppi_channel_assign
                0x000255e4        0x8 ./src/nrf5-sdk/softdevice/common/nrf_sdh.o
 .text.sd_ppi_group_task_enable
                0x000255ec        0x8 ./src/nrf5-sdk/softdevice/common/nrf_sdh.o
 .text.sd_ppi_group_task_disable
                0x000255f4        0x8 ./src/nrf5-sdk/softdevice/common/nrf_sdh.o
 .text.sd_ppi_group_assign
                0x000255fc        0x8 ./src/nrf5-sdk/softdevice/common/nrf_sdh.o
 .text.sd_ppi_group_get
                0x00025604        0x8 ./src/nrf5-sdk/softdevice/common/nrf_sdh.o
 .text.sd_radio_notification_cfg_set
                0x0002560c        0x8 ./src/nrf5-sdk/softdevice/common/nrf_sdh.o
 .text.sd_ecb_block_encrypt
                0x00025614        0x8 ./src/nrf5-sdk/softdevice/common/nrf_sdh.o
 .text.sd_ecb_blocks_encrypt
                0x0002561c        0x8 ./src/nrf5-sdk/softdevice/common/nrf_sdh.o
 .text.sd_evt_get
                0x00025624        0x8 ./src/nrf5-sdk/softdevice/common/nrf_sdh.o
 .text.sd_temp_get
                0x0002562c        0x8 ./src/nrf5-sdk/softdevice/common/nrf_sdh.o
 .text.sd_flash_write
                0x00025634        0x8 ./src/nrf5-sdk/softdevice/common/nrf_sdh.o
 .text.sd_flash_page_erase
                0x0002563c        0x8 ./src/nrf5-sdk/softdevice/common/nrf_sdh.o
 .text.sd_flash_protect
                0x00025644        0x8 ./src/nrf5-sdk/softdevice/common/nrf_sdh.o
 .text.sd_radio_session_open
                0x0002564c        0x8 ./src/nrf5-sdk/softdevice/common/nrf_sdh.o
 .text.sd_radio_session_close
                0x00025654        0x8 ./src/nrf5-sdk/softdevice/common/nrf_sdh.o
 .text.sd_radio_request
                0x0002565c        0x8 ./src/nrf5-sdk/softdevice/common/nrf_sdh.o
 .text.sd_softdevice_enable
                0x00025664        0x8 ./src/nrf5-sdk/softdevice/common/nrf_sdh.o
 .text.sd_softdevice_disable
                0x0002566c        0x8 ./src/nrf5-sdk/softdevice/common/nrf_sdh.o
 .text.sd_softdevice_is_enabled
                0x00025674        0x8 ./src/nrf5-sdk/softdevice/common/nrf_sdh.o
 .text.sd_softdevice_vector_table_base_set
                0x0002567c        0x8 ./src/nrf5-sdk/softdevice/common/nrf_sdh.o
 .text.__sd_nvic_app_accessible_irq
                0x00025684       0x60 ./src/nrf5-sdk/softdevice/common/nrf_sdh.o
 .text.__sd_nvic_is_app_accessible_priority
                0x000256e4       0x38 ./src/nrf5-sdk/softdevice/common/nrf_sdh.o
 .text.sd_nvic_EnableIRQ
                0x0002571c       0x88 ./src/nrf5-sdk/softdevice/common/nrf_sdh.o
 .text.sd_nvic_DisableIRQ
                0x000257a4       0x6c ./src/nrf5-sdk/softdevice/common/nrf_sdh.o
 .text.sd_nvic_SetPendingIRQ
                0x00025810       0x34 ./src/nrf5-sdk/softdevice/common/nrf_sdh.o
 .text.sd_nvic_SetPriority
                0x00025844       0x4c ./src/nrf5-sdk/softdevice/common/nrf_sdh.o
 .text.sdh_request_observer_notify
                0x00025890       0x68 ./src/nrf5-sdk/softdevice/common/nrf_sdh.o
 .text.sdh_state_observer_notify
                0x000258f8       0x5c ./src/nrf5-sdk/softdevice/common/nrf_sdh.o
 .text.softdevices_evt_irq_enable
                0x00025954       0x30 ./src/nrf5-sdk/softdevice/common/nrf_sdh.o
 .text.softdevice_evt_irq_disable
                0x00025984       0x30 ./src/nrf5-sdk/softdevice/common/nrf_sdh.o
 .text.swi_interrupt_priority_workaround
                0x000259b4       0x50 ./src/nrf5-sdk/softdevice/common/nrf_sdh.o
 .text.nrf_sdh_enable_request
                0x00025a04       0x8c ./src/nrf5-sdk/softdevice/common/nrf_sdh.o
                0x00025a04                nrf_sdh_enable_request
 .text.nrf_sdh_disable_request
                0x00025a90       0x6c ./src/nrf5-sdk/softdevice/common/nrf_sdh.o
                0x00025a90                nrf_sdh_disable_request
 .text.nrf_sdh_request_continue
                0x00025afc       0x38 ./src/nrf5-sdk/softdevice/common/nrf_sdh.o
                0x00025afc                nrf_sdh_request_continue
 .text.nrf_sdh_is_enabled
                0x00025b34       0x18 ./src/nrf5-sdk/softdevice/common/nrf_sdh.o
                0x00025b34                nrf_sdh_is_enabled
 .text.nrf_sdh_suspend
                0x00025b4c       0x2c ./src/nrf5-sdk/softdevice/common/nrf_sdh.o
                0x00025b4c                nrf_sdh_suspend
 .text.nrf_sdh_resume
                0x00025b78       0x60 ./src/nrf5-sdk/softdevice/common/nrf_sdh.o
                0x00025b78                nrf_sdh_resume
 .text.nrf_sdh_is_suspended
                0x00025bd8       0x38 ./src/nrf5-sdk/softdevice/common/nrf_sdh.o
                0x00025bd8                nrf_sdh_is_suspended
 .text.nrf_sdh_evts_poll
                0x00025c10       0x50 ./src/nrf5-sdk/softdevice/common/nrf_sdh.o
                0x00025c10                nrf_sdh_evts_poll
 .text.SWI2_EGU2_IRQHandler
                0x00025c60        0xc ./src/nrf5-sdk/softdevice/common/nrf_sdh.o
                0x00025c60                SWI2_EGU2_IRQHandler
 .text          0x00025c6c        0x0 ./src/nrf5-sdk/softdevice/common/nrf_sdh_ble.o
 .text.sd_ble_gap_addr_set
                0x00025c6c        0x8 ./src/nrf5-sdk/softdevice/common/nrf_sdh_ble.o
 .text.sd_ble_gap_addr_get
                0x00025c74        0x8 ./src/nrf5-sdk/softdevice/common/nrf_sdh_ble.o
 .text.sd_ble_gap_whitelist_set
                0x00025c7c        0x8 ./src/nrf5-sdk/softdevice/common/nrf_sdh_ble.o
 .text.sd_ble_gap_device_identities_set
                0x00025c84        0x8 ./src/nrf5-sdk/softdevice/common/nrf_sdh_ble.o
 .text.sd_ble_gap_privacy_set
                0x00025c8c        0x8 ./src/nrf5-sdk/softdevice/common/nrf_sdh_ble.o
 .text.sd_ble_gap_privacy_get
                0x00025c94        0x8 ./src/nrf5-sdk/softdevice/common/nrf_sdh_ble.o
 .text.sd_ble_gap_adv_data_set
                0x00025c9c        0x8 ./src/nrf5-sdk/softdevice/common/nrf_sdh_ble.o
 .text.sd_ble_gap_adv_start
                0x00025ca4        0x8 ./src/nrf5-sdk/softdevice/common/nrf_sdh_ble.o
 .text.sd_ble_gap_adv_stop
                0x00025cac        0x8 ./src/nrf5-sdk/softdevice/common/nrf_sdh_ble.o
 .text.sd_ble_gap_conn_param_update
                0x00025cb4        0x8 ./src/nrf5-sdk/softdevice/common/nrf_sdh_ble.o
 .text.sd_ble_gap_disconnect
                0x00025cbc        0x8 ./src/nrf5-sdk/softdevice/common/nrf_sdh_ble.o
 .text.sd_ble_gap_tx_power_set
                0x00025cc4        0x8 ./src/nrf5-sdk/softdevice/common/nrf_sdh_ble.o
 .text.sd_ble_gap_appearance_set
                0x00025ccc        0x8 ./src/nrf5-sdk/softdevice/common/nrf_sdh_ble.o
 .text.sd_ble_gap_appearance_get
                0x00025cd4        0x8 ./src/nrf5-sdk/softdevice/common/nrf_sdh_ble.o
 .text.sd_ble_gap_ppcp_set
                0x00025cdc        0x8 ./src/nrf5-sdk/softdevice/common/nrf_sdh_ble.o
 .text.sd_ble_gap_ppcp_get
                0x00025ce4        0x8 ./src/nrf5-sdk/softdevice/common/nrf_sdh_ble.o
 .text.sd_ble_gap_device_name_set
                0x00025cec        0x8 ./src/nrf5-sdk/softdevice/common/nrf_sdh_ble.o
 .text.sd_ble_gap_device_name_get
                0x00025cf4        0x8 ./src/nrf5-sdk/softdevice/common/nrf_sdh_ble.o
 .text.sd_ble_gap_authenticate
                0x00025cfc        0x8 ./src/nrf5-sdk/softdevice/common/nrf_sdh_ble.o
 .text.sd_ble_gap_sec_params_reply
                0x00025d04        0x8 ./src/nrf5-sdk/softdevice/common/nrf_sdh_ble.o
 .text.sd_ble_gap_auth_key_reply
                0x00025d0c        0x8 ./src/nrf5-sdk/softdevice/common/nrf_sdh_ble.o
 .text.sd_ble_gap_lesc_dhkey_reply
                0x00025d14        0x8 ./src/nrf5-sdk/softdevice/common/nrf_sdh_ble.o
 .text.sd_ble_gap_keypress_notify
                0x00025d1c        0x8 ./src/nrf5-sdk/softdevice/common/nrf_sdh_ble.o
 .text.sd_ble_gap_lesc_oob_data_get
                0x00025d24        0x8 ./src/nrf5-sdk/softdevice/common/nrf_sdh_ble.o
 .text.sd_ble_gap_lesc_oob_data_set
                0x00025d2c        0x8 ./src/nrf5-sdk/softdevice/common/nrf_sdh_ble.o
 .text.sd_ble_gap_encrypt
                0x00025d34        0x8 ./src/nrf5-sdk/softdevice/common/nrf_sdh_ble.o
 .text.sd_ble_gap_sec_info_reply
                0x00025d3c        0x8 ./src/nrf5-sdk/softdevice/common/nrf_sdh_ble.o
 .text.sd_ble_gap_conn_sec_get
                0x00025d44        0x8 ./src/nrf5-sdk/softdevice/common/nrf_sdh_ble.o
 .text.sd_ble_gap_rssi_start
                0x00025d4c        0x8 ./src/nrf5-sdk/softdevice/common/nrf_sdh_ble.o
 .text.sd_ble_gap_rssi_stop
                0x00025d54        0x8 ./src/nrf5-sdk/softdevice/common/nrf_sdh_ble.o
 .text.sd_ble_gap_rssi_get
                0x00025d5c        0x8 ./src/nrf5-sdk/softdevice/common/nrf_sdh_ble.o
 .text.sd_ble_gap_scan_start
                0x00025d64        0x8 ./src/nrf5-sdk/softdevice/common/nrf_sdh_ble.o
 .text.sd_ble_gap_scan_stop
                0x00025d6c        0x8 ./src/nrf5-sdk/softdevice/common/nrf_sdh_ble.o
 .text.sd_ble_gap_connect
                0x00025d74        0x8 ./src/nrf5-sdk/softdevice/common/nrf_sdh_ble.o
 .text.sd_ble_gap_connect_cancel
                0x00025d7c        0x8 ./src/nrf5-sdk/softdevice/common/nrf_sdh_ble.o
 .text.sd_ble_gap_phy_update
                0x00025d84        0x8 ./src/nrf5-sdk/softdevice/common/nrf_sdh_ble.o
 .text.sd_ble_gap_data_length_update
                0x00025d8c        0x8 ./src/nrf5-sdk/softdevice/common/nrf_sdh_ble.o
 .text.sd_ble_l2cap_ch_setup
                0x00025d94        0x8 ./src/nrf5-sdk/softdevice/common/nrf_sdh_ble.o
 .text.sd_ble_l2cap_ch_release
                0x00025d9c        0x8 ./src/nrf5-sdk/softdevice/common/nrf_sdh_ble.o
 .text.sd_ble_l2cap_ch_rx
                0x00025da4        0x8 ./src/nrf5-sdk/softdevice/common/nrf_sdh_ble.o
 .text.sd_ble_l2cap_ch_tx
                0x00025dac        0x8 ./src/nrf5-sdk/softdevice/common/nrf_sdh_ble.o
 .text.sd_ble_l2cap_ch_flow_control
                0x00025db4        0x8 ./src/nrf5-sdk/softdevice/common/nrf_sdh_ble.o
 .text.sd_ble_gattc_primary_services_discover
                0x00025dbc        0x8 ./src/nrf5-sdk/softdevice/common/nrf_sdh_ble.o
 .text.sd_ble_gattc_relationships_discover
                0x00025dc4        0x8 ./src/nrf5-sdk/softdevice/common/nrf_sdh_ble.o
 .text.sd_ble_gattc_characteristics_discover
                0x00025dcc        0x8 ./src/nrf5-sdk/softdevice/common/nrf_sdh_ble.o
 .text.sd_ble_gattc_descriptors_discover
                0x00025dd4        0x8 ./src/nrf5-sdk/softdevice/common/nrf_sdh_ble.o
 .text.sd_ble_gattc_char_value_by_uuid_read
                0x00025ddc        0x8 ./src/nrf5-sdk/softdevice/common/nrf_sdh_ble.o
 .text.sd_ble_gattc_read
                0x00025de4        0x8 ./src/nrf5-sdk/softdevice/common/nrf_sdh_ble.o
 .text.sd_ble_gattc_char_values_read
                0x00025dec        0x8 ./src/nrf5-sdk/softdevice/common/nrf_sdh_ble.o
 .text.sd_ble_gattc_write
                0x00025df4        0x8 ./src/nrf5-sdk/softdevice/common/nrf_sdh_ble.o
 .text.sd_ble_gattc_hv_confirm
                0x00025dfc        0x8 ./src/nrf5-sdk/softdevice/common/nrf_sdh_ble.o
 .text.sd_ble_gattc_attr_info_discover
                0x00025e04        0x8 ./src/nrf5-sdk/softdevice/common/nrf_sdh_ble.o
 .text.sd_ble_gattc_exchange_mtu_request
                0x00025e0c        0x8 ./src/nrf5-sdk/softdevice/common/nrf_sdh_ble.o
 .text.sd_ble_gatts_service_add
                0x00025e14        0x8 ./src/nrf5-sdk/softdevice/common/nrf_sdh_ble.o
 .text.sd_ble_gatts_include_add
                0x00025e1c        0x8 ./src/nrf5-sdk/softdevice/common/nrf_sdh_ble.o
 .text.sd_ble_gatts_characteristic_add
                0x00025e24        0x8 ./src/nrf5-sdk/softdevice/common/nrf_sdh_ble.o
 .text.sd_ble_gatts_descriptor_add
                0x00025e2c        0x8 ./src/nrf5-sdk/softdevice/common/nrf_sdh_ble.o
 .text.sd_ble_gatts_value_set
                0x00025e34        0x8 ./src/nrf5-sdk/softdevice/common/nrf_sdh_ble.o
 .text.sd_ble_gatts_value_get
                0x00025e3c        0x8 ./src/nrf5-sdk/softdevice/common/nrf_sdh_ble.o
 .text.sd_ble_gatts_hvx
                0x00025e44        0x8 ./src/nrf5-sdk/softdevice/common/nrf_sdh_ble.o
 .text.sd_ble_gatts_service_changed
                0x00025e4c        0x8 ./src/nrf5-sdk/softdevice/common/nrf_sdh_ble.o
 .text.sd_ble_gatts_rw_authorize_reply
                0x00025e54        0x8 ./src/nrf5-sdk/softdevice/common/nrf_sdh_ble.o
 .text.sd_ble_gatts_sys_attr_set
                0x00025e5c        0x8 ./src/nrf5-sdk/softdevice/common/nrf_sdh_ble.o
 .text.sd_ble_gatts_sys_attr_get
                0x00025e64        0x8 ./src/nrf5-sdk/softdevice/common/nrf_sdh_ble.o
 .text.sd_ble_gatts_initial_user_handle_get
                0x00025e6c        0x8 ./src/nrf5-sdk/softdevice/common/nrf_sdh_ble.o
 .text.sd_ble_gatts_attr_get
                0x00025e74        0x8 ./src/nrf5-sdk/softdevice/common/nrf_sdh_ble.o
 .text.sd_ble_gatts_exchange_mtu_reply
                0x00025e7c        0x8 ./src/nrf5-sdk/softdevice/common/nrf_sdh_ble.o
 .text.sd_ble_enable
                0x00025e84        0x8 ./src/nrf5-sdk/softdevice/common/nrf_sdh_ble.o
 .text.sd_ble_cfg_set
                0x00025e8c        0x8 ./src/nrf5-sdk/softdevice/common/nrf_sdh_ble.o
 .text.sd_ble_evt_get
                0x00025e94        0x8 ./src/nrf5-sdk/softdevice/common/nrf_sdh_ble.o
 .text.sd_ble_uuid_vs_add
                0x00025e9c        0x8 ./src/nrf5-sdk/softdevice/common/nrf_sdh_ble.o
 .text.sd_ble_uuid_decode
                0x00025ea4        0x8 ./src/nrf5-sdk/softdevice/common/nrf_sdh_ble.o
 .text.sd_ble_uuid_encode
                0x00025eac        0x8 ./src/nrf5-sdk/softdevice/common/nrf_sdh_ble.o
 .text.sd_ble_version_get
                0x00025eb4        0x8 ./src/nrf5-sdk/softdevice/common/nrf_sdh_ble.o
 .text.sd_ble_user_mem_reply
                0x00025ebc        0x8 ./src/nrf5-sdk/softdevice/common/nrf_sdh_ble.o
 .text.sd_ble_opt_set
                0x00025ec4        0x8 ./src/nrf5-sdk/softdevice/common/nrf_sdh_ble.o
 .text.sd_ble_opt_get
                0x00025ecc        0x8 ./src/nrf5-sdk/softdevice/common/nrf_sdh_ble.o
 .text.nrf_section_iter_get
                0x00025ed4       0x18 ./src/nrf5-sdk/softdevice/common/nrf_sdh_ble.o
 .text.nrf_sdh_ble_app_ram_start_get
                0x00025eec       0x2c ./src/nrf5-sdk/softdevice/common/nrf_sdh_ble.o
                0x00025eec                nrf_sdh_ble_app_ram_start_get
 .text.nrf_sdh_ble_default_cfg_set
                0x00025f18      0x1b4 ./src/nrf5-sdk/softdevice/common/nrf_sdh_ble.o
                0x00025f18                nrf_sdh_ble_default_cfg_set
 .text.ram_end_address_get
                0x000260cc       0x24 ./src/nrf5-sdk/softdevice/common/nrf_sdh_ble.o
 .text.nrf_sdh_ble_enable
                0x000260f0       0x94 ./src/nrf5-sdk/softdevice/common/nrf_sdh_ble.o
                0x000260f0                nrf_sdh_ble_enable
 .text.nrf_sdh_ble_evts_poll
                0x00026184       0xa0 ./src/nrf5-sdk/softdevice/common/nrf_sdh_ble.o
 .text          0x00026224        0x0 ./src/nrf5-sdk/libraries/util/app_error.o
 .text.app_error_handler
                0x00026224       0x34 ./src/nrf5-sdk/libraries/util/app_error.o
                0x00026224                app_error_handler
 .text.app_error_handler_bare
                0x00026258       0x2c ./src/nrf5-sdk/libraries/util/app_error.o
                0x00026258                app_error_handler_bare
 .text.app_error_save_and_stop
                0x00026284       0x9c ./src/nrf5-sdk/libraries/util/app_error.o
                0x00026284                app_error_save_and_stop
 .text          0x00026320        0x0 ./src/nrf5-sdk/libraries/util/app_error_weak.o
 .text.sd_mutex_new
                0x00026320        0x8 ./src/nrf5-sdk/libraries/util/app_error_weak.o
 .text.sd_mutex_acquire
                0x00026328        0x8 ./src/nrf5-sdk/libraries/util/app_error_weak.o
 .text.sd_mutex_release
                0x00026330        0x8 ./src/nrf5-sdk/libraries/util/app_error_weak.o
 .text.sd_rand_application_pool_capacity_get
                0x00026338        0x8 ./src/nrf5-sdk/libraries/util/app_error_weak.o
 .text.sd_rand_application_bytes_available_get
                0x00026340        0x8 ./src/nrf5-sdk/libraries/util/app_error_weak.o
 .text.sd_rand_application_vector_get
                0x00026348        0x8 ./src/nrf5-sdk/libraries/util/app_error_weak.o
 .text.sd_power_reset_reason_get
                0x00026350        0x8 ./src/nrf5-sdk/libraries/util/app_error_weak.o
 .text.sd_power_reset_reason_clr
                0x00026358        0x8 ./src/nrf5-sdk/libraries/util/app_error_weak.o
 .text.sd_power_mode_set
                0x00026360        0x8 ./src/nrf5-sdk/libraries/util/app_error_weak.o
 .text.sd_power_system_off
                0x00026368        0x8 ./src/nrf5-sdk/libraries/util/app_error_weak.o
 .text.sd_power_pof_enable
                0x00026370        0x8 ./src/nrf5-sdk/libraries/util/app_error_weak.o
 .text.sd_power_pof_threshold_set
                0x00026378        0x8 ./src/nrf5-sdk/libraries/util/app_error_weak.o
 .text.sd_power_ram_power_set
                0x00026380        0x8 ./src/nrf5-sdk/libraries/util/app_error_weak.o
 .text.sd_power_ram_power_clr
                0x00026388        0x8 ./src/nrf5-sdk/libraries/util/app_error_weak.o
 .text.sd_power_ram_power_get
                0x00026390        0x8 ./src/nrf5-sdk/libraries/util/app_error_weak.o
 .text.sd_power_gpregret_set
                0x00026398        0x8 ./src/nrf5-sdk/libraries/util/app_error_weak.o
 .text.sd_power_gpregret_clr
                0x000263a0        0x8 ./src/nrf5-sdk/libraries/util/app_error_weak.o
 .text.sd_power_gpregret_get
                0x000263a8        0x8 ./src/nrf5-sdk/libraries/util/app_error_weak.o
 .text.sd_power_dcdc_mode_set
                0x000263b0        0x8 ./src/nrf5-sdk/libraries/util/app_error_weak.o
 .text.sd_clock_hfclk_request
                0x000263b8        0x8 ./src/nrf5-sdk/libraries/util/app_error_weak.o
 .text.sd_clock_hfclk_release
                0x000263c0        0x8 ./src/nrf5-sdk/libraries/util/app_error_weak.o
 .text.sd_clock_hfclk_is_running
                0x000263c8        0x8 ./src/nrf5-sdk/libraries/util/app_error_weak.o
 .text.sd_app_evt_wait
                0x000263d0        0x8 ./src/nrf5-sdk/libraries/util/app_error_weak.o
 .text.sd_ppi_channel_enable_get
                0x000263d8        0x8 ./src/nrf5-sdk/libraries/util/app_error_weak.o
 .text.sd_ppi_channel_enable_set
                0x000263e0        0x8 ./src/nrf5-sdk/libraries/util/app_error_weak.o
 .text.sd_ppi_channel_enable_clr
                0x000263e8        0x8 ./src/nrf5-sdk/libraries/util/app_error_weak.o
 .text.sd_ppi_channel_assign
                0x000263f0        0x8 ./src/nrf5-sdk/libraries/util/app_error_weak.o
 .text.sd_ppi_group_task_enable
                0x000263f8        0x8 ./src/nrf5-sdk/libraries/util/app_error_weak.o
 .text.sd_ppi_group_task_disable
                0x00026400        0x8 ./src/nrf5-sdk/libraries/util/app_error_weak.o
 .text.sd_ppi_group_assign
                0x00026408        0x8 ./src/nrf5-sdk/libraries/util/app_error_weak.o
 .text.sd_ppi_group_get
                0x00026410        0x8 ./src/nrf5-sdk/libraries/util/app_error_weak.o
 .text.sd_radio_notification_cfg_set
                0x00026418        0x8 ./src/nrf5-sdk/libraries/util/app_error_weak.o
 .text.sd_ecb_block_encrypt
                0x00026420        0x8 ./src/nrf5-sdk/libraries/util/app_error_weak.o
 .text.sd_ecb_blocks_encrypt
                0x00026428        0x8 ./src/nrf5-sdk/libraries/util/app_error_weak.o
 .text.sd_evt_get
                0x00026430        0x8 ./src/nrf5-sdk/libraries/util/app_error_weak.o
 .text.sd_temp_get
                0x00026438        0x8 ./src/nrf5-sdk/libraries/util/app_error_weak.o
 .text.sd_flash_write
                0x00026440        0x8 ./src/nrf5-sdk/libraries/util/app_error_weak.o
 .text.sd_flash_page_erase
                0x00026448        0x8 ./src/nrf5-sdk/libraries/util/app_error_weak.o
 .text.sd_flash_protect
                0x00026450        0x8 ./src/nrf5-sdk/libraries/util/app_error_weak.o
 .text.sd_radio_session_open
                0x00026458        0x8 ./src/nrf5-sdk/libraries/util/app_error_weak.o
 .text.sd_radio_session_close
                0x00026460        0x8 ./src/nrf5-sdk/libraries/util/app_error_weak.o
 .text.sd_radio_request
                0x00026468        0x8 ./src/nrf5-sdk/libraries/util/app_error_weak.o
 .text.sd_softdevice_enable
                0x00026470        0x8 ./src/nrf5-sdk/libraries/util/app_error_weak.o
 .text.sd_softdevice_disable
                0x00026478        0x8 ./src/nrf5-sdk/libraries/util/app_error_weak.o
 .text.sd_softdevice_is_enabled
                0x00026480        0x8 ./src/nrf5-sdk/libraries/util/app_error_weak.o
 .text.sd_softdevice_vector_table_base_set
                0x00026488        0x8 ./src/nrf5-sdk/libraries/util/app_error_weak.o
 .text.app_error_fault_handler
                0x00026490      0x11c ./src/nrf5-sdk/libraries/util/app_error_weak.o
                0x00026490                app_error_fault_handler
 .text          0x000265ac        0x0 ./src/nrf5-sdk/libraries/util/app_util_platform.o
 .text.NVIC_GetPriority
                0x000265ac       0x50 ./src/nrf5-sdk/libraries/util/app_util_platform.o
 .text.sd_mutex_new
                0x000265fc        0x8 ./src/nrf5-sdk/libraries/util/app_util_platform.o
 .text.sd_mutex_acquire
                0x00026604        0x8 ./src/nrf5-sdk/libraries/util/app_util_platform.o
 .text.sd_mutex_release
                0x0002660c        0x8 ./src/nrf5-sdk/libraries/util/app_util_platform.o
 .text.sd_rand_application_pool_capacity_get
                0x00026614        0x8 ./src/nrf5-sdk/libraries/util/app_util_platform.o
 .text.sd_rand_application_bytes_available_get
                0x0002661c        0x8 ./src/nrf5-sdk/libraries/util/app_util_platform.o
 .text.sd_rand_application_vector_get
                0x00026624        0x8 ./src/nrf5-sdk/libraries/util/app_util_platform.o
 .text.sd_power_reset_reason_get
                0x0002662c        0x8 ./src/nrf5-sdk/libraries/util/app_util_platform.o
 .text.sd_power_reset_reason_clr
                0x00026634        0x8 ./src/nrf5-sdk/libraries/util/app_util_platform.o
 .text.sd_power_mode_set
                0x0002663c        0x8 ./src/nrf5-sdk/libraries/util/app_util_platform.o
 .text.sd_power_system_off
                0x00026644        0x8 ./src/nrf5-sdk/libraries/util/app_util_platform.o
 .text.sd_power_pof_enable
                0x0002664c        0x8 ./src/nrf5-sdk/libraries/util/app_util_platform.o
 .text.sd_power_pof_threshold_set
                0x00026654        0x8 ./src/nrf5-sdk/libraries/util/app_util_platform.o
 .text.sd_power_ram_power_set
                0x0002665c        0x8 ./src/nrf5-sdk/libraries/util/app_util_platform.o
 .text.sd_power_ram_power_clr
                0x00026664        0x8 ./src/nrf5-sdk/libraries/util/app_util_platform.o
 .text.sd_power_ram_power_get
                0x0002666c        0x8 ./src/nrf5-sdk/libraries/util/app_util_platform.o
 .text.sd_power_gpregret_set
                0x00026674        0x8 ./src/nrf5-sdk/libraries/util/app_util_platform.o
 .text.sd_power_gpregret_clr
                0x0002667c        0x8 ./src/nrf5-sdk/libraries/util/app_util_platform.o
 .text.sd_power_gpregret_get
                0x00026684        0x8 ./src/nrf5-sdk/libraries/util/app_util_platform.o
 .text.sd_power_dcdc_mode_set
                0x0002668c        0x8 ./src/nrf5-sdk/libraries/util/app_util_platform.o
 .text.sd_clock_hfclk_request
                0x00026694        0x8 ./src/nrf5-sdk/libraries/util/app_util_platform.o
 .text.sd_clock_hfclk_release
                0x0002669c        0x8 ./src/nrf5-sdk/libraries/util/app_util_platform.o
 .text.sd_clock_hfclk_is_running
                0x000266a4        0x8 ./src/nrf5-sdk/libraries/util/app_util_platform.o
 .text.sd_app_evt_wait
                0x000266ac        0x8 ./src/nrf5-sdk/libraries/util/app_util_platform.o
 .text.sd_ppi_channel_enable_get
                0x000266b4        0x8 ./src/nrf5-sdk/libraries/util/app_util_platform.o
 .text.sd_ppi_channel_enable_set
                0x000266bc        0x8 ./src/nrf5-sdk/libraries/util/app_util_platform.o
 .text.sd_ppi_channel_enable_clr
                0x000266c4        0x8 ./src/nrf5-sdk/libraries/util/app_util_platform.o
 .text.sd_ppi_channel_assign
                0x000266cc        0x8 ./src/nrf5-sdk/libraries/util/app_util_platform.o
 .text.sd_ppi_group_task_enable
                0x000266d4        0x8 ./src/nrf5-sdk/libraries/util/app_util_platform.o
 .text.sd_ppi_group_task_disable
                0x000266dc        0x8 ./src/nrf5-sdk/libraries/util/app_util_platform.o
 .text.sd_ppi_group_assign
                0x000266e4        0x8 ./src/nrf5-sdk/libraries/util/app_util_platform.o
 .text.sd_ppi_group_get
                0x000266ec        0x8 ./src/nrf5-sdk/libraries/util/app_util_platform.o
 .text.sd_radio_notification_cfg_set
                0x000266f4        0x8 ./src/nrf5-sdk/libraries/util/app_util_platform.o
 .text.sd_ecb_block_encrypt
                0x000266fc        0x8 ./src/nrf5-sdk/libraries/util/app_util_platform.o
 .text.sd_ecb_blocks_encrypt
                0x00026704        0x8 ./src/nrf5-sdk/libraries/util/app_util_platform.o
 .text.sd_evt_get
                0x0002670c        0x8 ./src/nrf5-sdk/libraries/util/app_util_platform.o
 .text.sd_temp_get
                0x00026714        0x8 ./src/nrf5-sdk/libraries/util/app_util_platform.o
 .text.sd_flash_write
                0x0002671c        0x8 ./src/nrf5-sdk/libraries/util/app_util_platform.o
 .text.sd_flash_page_erase
                0x00026724        0x8 ./src/nrf5-sdk/libraries/util/app_util_platform.o
 .text.sd_flash_protect
                0x0002672c        0x8 ./src/nrf5-sdk/libraries/util/app_util_platform.o
 .text.sd_radio_session_open
                0x00026734        0x8 ./src/nrf5-sdk/libraries/util/app_util_platform.o
 .text.sd_radio_session_close
                0x0002673c        0x8 ./src/nrf5-sdk/libraries/util/app_util_platform.o
 .text.sd_radio_request
                0x00026744        0x8 ./src/nrf5-sdk/libraries/util/app_util_platform.o
 .text.__sd_nvic_irq_disable
                0x0002674c       0x20 ./src/nrf5-sdk/libraries/util/app_util_platform.o
 .text.__sd_nvic_irq_enable
                0x0002676c       0x10 ./src/nrf5-sdk/libraries/util/app_util_platform.o
 .text.sd_nvic_critical_region_enter
                0x0002677c       0x74 ./src/nrf5-sdk/libraries/util/app_util_platform.o
 .text.sd_nvic_critical_region_exit
                0x000267f0       0x50 ./src/nrf5-sdk/libraries/util/app_util_platform.o
 .text.app_util_disable_irq
                0x00026840       0x20 ./src/nrf5-sdk/libraries/util/app_util_platform.o
                0x00026840                app_util_disable_irq
 .text.app_util_enable_irq
                0x00026860       0x28 ./src/nrf5-sdk/libraries/util/app_util_platform.o
                0x00026860                app_util_enable_irq
 .text.app_util_critical_region_enter
                0x00026888       0x18 ./src/nrf5-sdk/libraries/util/app_util_platform.o
                0x00026888                app_util_critical_region_enter
 .text.app_util_critical_region_exit
                0x000268a0       0x1c ./src/nrf5-sdk/libraries/util/app_util_platform.o
                0x000268a0                app_util_critical_region_exit
 .text.privilege_level_get
                0x000268bc       0x44 ./src/nrf5-sdk/libraries/util/app_util_platform.o
                0x000268bc                privilege_level_get
 .text.current_int_priority_get
                0x00026900       0x3c ./src/nrf5-sdk/libraries/util/app_util_platform.o
                0x00026900                current_int_priority_get
 .text          0x0002693c        0x0 ./src/nrf5-sdk/libraries/util/nrf_assert.o
 .text.assert_nrf_callback
                0x0002693c       0x2c ./src/nrf5-sdk/libraries/util/nrf_assert.o
 .text          0x00026968        0x0 ./src/nrf5-sdk/libraries/util/sdk_mapped_flags.o
 .text.sdk_mapped_flags_set_by_index
                0x00026968       0x2c ./src/nrf5-sdk/libraries/util/sdk_mapped_flags.o
 .text.sdk_mapped_flags_clear_by_index
                0x00026994       0x2c ./src/nrf5-sdk/libraries/util/sdk_mapped_flags.o
 .text.sdk_mapped_flags_get_by_index
                0x000269c0       0x30 ./src/nrf5-sdk/libraries/util/sdk_mapped_flags.o
 .text.sdk_mapped_flags_first_key_index_get
                0x000269f0       0x3c ./src/nrf5-sdk/libraries/util/sdk_mapped_flags.o
                0x000269f0                sdk_mapped_flags_first_key_index_get
 .text.sdk_mapped_flags_update_by_key
                0x00026a2c       0x30 ./src/nrf5-sdk/libraries/util/sdk_mapped_flags.o
                0x00026a2c                sdk_mapped_flags_update_by_key
 .text.sdk_mapped_flags_bulk_update_by_key
                0x00026a5c       0x90 ./src/nrf5-sdk/libraries/util/sdk_mapped_flags.o
                0x00026a5c                sdk_mapped_flags_bulk_update_by_key
 .text.sdk_mapped_flags_get_by_key_w_idx
                0x00026aec       0x6c ./src/nrf5-sdk/libraries/util/sdk_mapped_flags.o
                0x00026aec                sdk_mapped_flags_get_by_key_w_idx
 .text.sdk_mapped_flags_get_by_key
                0x00026b58       0x50 ./src/nrf5-sdk/libraries/util/sdk_mapped_flags.o
                0x00026b58                sdk_mapped_flags_get_by_key
 .text.sdk_mapped_flags_key_list_get
                0x00026ba8       0x70 ./src/nrf5-sdk/libraries/util/sdk_mapped_flags.o
                0x00026ba8                sdk_mapped_flags_key_list_get
 .text.sdk_mapped_flags_n_flags_set
                0x00026c18       0x40 ./src/nrf5-sdk/libraries/util/sdk_mapped_flags.o
                0x00026c18                sdk_mapped_flags_n_flags_set
 .text          0x00026c58        0x0 ./src/nrf5-sdk/libraries/uart/app_uart.o
 .text.sd_mutex_new
                0x00026c58        0x8 ./src/nrf5-sdk/libraries/uart/app_uart.o
 .text.sd_mutex_acquire
                0x00026c60        0x8 ./src/nrf5-sdk/libraries/uart/app_uart.o
 .text.sd_mutex_release
                0x00026c68        0x8 ./src/nrf5-sdk/libraries/uart/app_uart.o
 .text.sd_rand_application_pool_capacity_get
                0x00026c70        0x8 ./src/nrf5-sdk/libraries/uart/app_uart.o
 .text.sd_rand_application_bytes_available_get
                0x00026c78        0x8 ./src/nrf5-sdk/libraries/uart/app_uart.o
 .text.sd_rand_application_vector_get
                0x00026c80        0x8 ./src/nrf5-sdk/libraries/uart/app_uart.o
 .text.sd_power_reset_reason_get
                0x00026c88        0x8 ./src/nrf5-sdk/libraries/uart/app_uart.o
 .text.sd_power_reset_reason_clr
                0x00026c90        0x8 ./src/nrf5-sdk/libraries/uart/app_uart.o
 .text.sd_power_mode_set
                0x00026c98        0x8 ./src/nrf5-sdk/libraries/uart/app_uart.o
 .text.sd_power_system_off
                0x00026ca0        0x8 ./src/nrf5-sdk/libraries/uart/app_uart.o
 .text.sd_power_pof_enable
                0x00026ca8        0x8 ./src/nrf5-sdk/libraries/uart/app_uart.o
 .text.sd_power_pof_threshold_set
                0x00026cb0        0x8 ./src/nrf5-sdk/libraries/uart/app_uart.o
 .text.sd_power_ram_power_set
                0x00026cb8        0x8 ./src/nrf5-sdk/libraries/uart/app_uart.o
 .text.sd_power_ram_power_clr
                0x00026cc0        0x8 ./src/nrf5-sdk/libraries/uart/app_uart.o
 .text.sd_power_ram_power_get
                0x00026cc8        0x8 ./src/nrf5-sdk/libraries/uart/app_uart.o
 .text.sd_power_gpregret_set
                0x00026cd0        0x8 ./src/nrf5-sdk/libraries/uart/app_uart.o
 .text.sd_power_gpregret_clr
                0x00026cd8        0x8 ./src/nrf5-sdk/libraries/uart/app_uart.o
 .text.sd_power_gpregret_get
                0x00026ce0        0x8 ./src/nrf5-sdk/libraries/uart/app_uart.o
 .text.sd_power_dcdc_mode_set
                0x00026ce8        0x8 ./src/nrf5-sdk/libraries/uart/app_uart.o
 .text.sd_clock_hfclk_request
                0x00026cf0        0x8 ./src/nrf5-sdk/libraries/uart/app_uart.o
 .text.sd_clock_hfclk_release
                0x00026cf8        0x8 ./src/nrf5-sdk/libraries/uart/app_uart.o
 .text.sd_clock_hfclk_is_running
                0x00026d00        0x8 ./src/nrf5-sdk/libraries/uart/app_uart.o
 .text.sd_app_evt_wait
                0x00026d08        0x8 ./src/nrf5-sdk/libraries/uart/app_uart.o
 .text.sd_ppi_channel_enable_get
                0x00026d10        0x8 ./src/nrf5-sdk/libraries/uart/app_uart.o
 .text.sd_ppi_channel_enable_set
                0x00026d18        0x8 ./src/nrf5-sdk/libraries/uart/app_uart.o
 .text.sd_ppi_channel_enable_clr
                0x00026d20        0x8 ./src/nrf5-sdk/libraries/uart/app_uart.o
 .text.sd_ppi_channel_assign
                0x00026d28        0x8 ./src/nrf5-sdk/libraries/uart/app_uart.o
 .text.sd_ppi_group_task_enable
                0x00026d30        0x8 ./src/nrf5-sdk/libraries/uart/app_uart.o
 .text.sd_ppi_group_task_disable
                0x00026d38        0x8 ./src/nrf5-sdk/libraries/uart/app_uart.o
 .text.sd_ppi_group_assign
                0x00026d40        0x8 ./src/nrf5-sdk/libraries/uart/app_uart.o
 .text.sd_ppi_group_get
                0x00026d48        0x8 ./src/nrf5-sdk/libraries/uart/app_uart.o
 .text.sd_radio_notification_cfg_set
                0x00026d50        0x8 ./src/nrf5-sdk/libraries/uart/app_uart.o
 .text.sd_ecb_block_encrypt
                0x00026d58        0x8 ./src/nrf5-sdk/libraries/uart/app_uart.o
 .text.sd_ecb_blocks_encrypt
                0x00026d60        0x8 ./src/nrf5-sdk/libraries/uart/app_uart.o
 .text.sd_evt_get
                0x00026d68        0x8 ./src/nrf5-sdk/libraries/uart/app_uart.o
 .text.sd_temp_get
                0x00026d70        0x8 ./src/nrf5-sdk/libraries/uart/app_uart.o
 .text.sd_flash_write
                0x00026d78        0x8 ./src/nrf5-sdk/libraries/uart/app_uart.o
 .text.sd_flash_page_erase
                0x00026d80        0x8 ./src/nrf5-sdk/libraries/uart/app_uart.o
 .text.sd_flash_protect
                0x00026d88        0x8 ./src/nrf5-sdk/libraries/uart/app_uart.o
 .text.sd_radio_session_open
                0x00026d90        0x8 ./src/nrf5-sdk/libraries/uart/app_uart.o
 .text.sd_radio_session_close
                0x00026d98        0x8 ./src/nrf5-sdk/libraries/uart/app_uart.o
 .text.sd_radio_request
                0x00026da0        0x8 ./src/nrf5-sdk/libraries/uart/app_uart.o
 .text.uart_event_handler
                0x00026da8       0x98 ./src/nrf5-sdk/libraries/uart/app_uart.o
 .text.app_uart_init
                0x00026e40       0xe0 ./src/nrf5-sdk/libraries/uart/app_uart.o
                0x00026e40                app_uart_init
 .text.app_uart_get
                0x00026f20       0x40 ./src/nrf5-sdk/libraries/uart/app_uart.o
                0x00026f20                app_uart_get
 .text.app_uart_put
                0x00026f60       0x44 ./src/nrf5-sdk/libraries/uart/app_uart.o
                0x00026f60                app_uart_put
 .text.app_uart_flush
                0x00026fa4       0x10 ./src/nrf5-sdk/libraries/uart/app_uart.o
                0x00026fa4                app_uart_flush
 .text.app_uart_close
                0x00026fb4       0x14 ./src/nrf5-sdk/libraries/uart/app_uart.o
                0x00026fb4                app_uart_close
 .text          0x00026fc8        0x0 ./src/nrf5-sdk/libraries/uart/retarget.o
 .text          0x00026fc8        0x0 ./src/nrf5-sdk/libraries/timer/app_timer.o
 .text.NVIC_EnableIRQ
                0x00026fc8       0x34 ./src/nrf5-sdk/libraries/timer/app_timer.o
 .text.NVIC_DisableIRQ
                0x00026ffc       0x34 ./src/nrf5-sdk/libraries/timer/app_timer.o
 .text.NVIC_SetPendingIRQ
                0x00027030       0x34 ./src/nrf5-sdk/libraries/timer/app_timer.o
 .text.NVIC_ClearPendingIRQ
                0x00027064       0x34 ./src/nrf5-sdk/libraries/timer/app_timer.o
 .text.NVIC_SetPriority
                0x00027098       0x54 ./src/nrf5-sdk/libraries/timer/app_timer.o
 .text.sd_mutex_new
                0x000270ec        0x8 ./src/nrf5-sdk/libraries/timer/app_timer.o
 .text.sd_mutex_acquire
                0x000270f4        0x8 ./src/nrf5-sdk/libraries/timer/app_timer.o
 .text.sd_mutex_release
                0x000270fc        0x8 ./src/nrf5-sdk/libraries/timer/app_timer.o
 .text.sd_rand_application_pool_capacity_get
                0x00027104        0x8 ./src/nrf5-sdk/libraries/timer/app_timer.o
 .text.sd_rand_application_bytes_available_get
                0x0002710c        0x8 ./src/nrf5-sdk/libraries/timer/app_timer.o
 .text.sd_rand_application_vector_get
                0x00027114        0x8 ./src/nrf5-sdk/libraries/timer/app_timer.o
 .text.sd_power_reset_reason_get
                0x0002711c        0x8 ./src/nrf5-sdk/libraries/timer/app_timer.o
 .text.sd_power_reset_reason_clr
                0x00027124        0x8 ./src/nrf5-sdk/libraries/timer/app_timer.o
 .text.sd_power_mode_set
                0x0002712c        0x8 ./src/nrf5-sdk/libraries/timer/app_timer.o
 .text.sd_power_system_off
                0x00027134        0x8 ./src/nrf5-sdk/libraries/timer/app_timer.o
 .text.sd_power_pof_enable
                0x0002713c        0x8 ./src/nrf5-sdk/libraries/timer/app_timer.o
 .text.sd_power_pof_threshold_set
                0x00027144        0x8 ./src/nrf5-sdk/libraries/timer/app_timer.o
 .text.sd_power_ram_power_set
                0x0002714c        0x8 ./src/nrf5-sdk/libraries/timer/app_timer.o
 .text.sd_power_ram_power_clr
                0x00027154        0x8 ./src/nrf5-sdk/libraries/timer/app_timer.o
 .text.sd_power_ram_power_get
                0x0002715c        0x8 ./src/nrf5-sdk/libraries/timer/app_timer.o
 .text.sd_power_gpregret_set
                0x00027164        0x8 ./src/nrf5-sdk/libraries/timer/app_timer.o
 .text.sd_power_gpregret_clr
                0x0002716c        0x8 ./src/nrf5-sdk/libraries/timer/app_timer.o
 .text.sd_power_gpregret_get
                0x00027174        0x8 ./src/nrf5-sdk/libraries/timer/app_timer.o
 .text.sd_power_dcdc_mode_set
                0x0002717c        0x8 ./src/nrf5-sdk/libraries/timer/app_timer.o
 .text.sd_clock_hfclk_request
                0x00027184        0x8 ./src/nrf5-sdk/libraries/timer/app_timer.o
 .text.sd_clock_hfclk_release
                0x0002718c        0x8 ./src/nrf5-sdk/libraries/timer/app_timer.o
 .text.sd_clock_hfclk_is_running
                0x00027194        0x8 ./src/nrf5-sdk/libraries/timer/app_timer.o
 .text.sd_app_evt_wait
                0x0002719c        0x8 ./src/nrf5-sdk/libraries/timer/app_timer.o
 .text.sd_ppi_channel_enable_get
                0x000271a4        0x8 ./src/nrf5-sdk/libraries/timer/app_timer.o
 .text.sd_ppi_channel_enable_set
                0x000271ac        0x8 ./src/nrf5-sdk/libraries/timer/app_timer.o
 .text.sd_ppi_channel_enable_clr
                0x000271b4        0x8 ./src/nrf5-sdk/libraries/timer/app_timer.o
 .text.sd_ppi_channel_assign
                0x000271bc        0x8 ./src/nrf5-sdk/libraries/timer/app_timer.o
 .text.sd_ppi_group_task_enable
                0x000271c4        0x8 ./src/nrf5-sdk/libraries/timer/app_timer.o
 .text.sd_ppi_group_task_disable
                0x000271cc        0x8 ./src/nrf5-sdk/libraries/timer/app_timer.o
 .text.sd_ppi_group_assign
                0x000271d4        0x8 ./src/nrf5-sdk/libraries/timer/app_timer.o
 .text.sd_ppi_group_get
                0x000271dc        0x8 ./src/nrf5-sdk/libraries/timer/app_timer.o
 .text.sd_radio_notification_cfg_set
                0x000271e4        0x8 ./src/nrf5-sdk/libraries/timer/app_timer.o
 .text.sd_ecb_block_encrypt
                0x000271ec        0x8 ./src/nrf5-sdk/libraries/timer/app_timer.o
 .text.sd_ecb_blocks_encrypt
                0x000271f4        0x8 ./src/nrf5-sdk/libraries/timer/app_timer.o
 .text.sd_evt_get
                0x000271fc        0x8 ./src/nrf5-sdk/libraries/timer/app_timer.o
 .text.sd_temp_get
                0x00027204        0x8 ./src/nrf5-sdk/libraries/timer/app_timer.o
 .text.sd_flash_write
                0x0002720c        0x8 ./src/nrf5-sdk/libraries/timer/app_timer.o
 .text.sd_flash_page_erase
                0x00027214        0x8 ./src/nrf5-sdk/libraries/timer/app_timer.o
 .text.sd_flash_protect
                0x0002721c        0x8 ./src/nrf5-sdk/libraries/timer/app_timer.o
 .text.sd_radio_session_open
                0x00027224        0x8 ./src/nrf5-sdk/libraries/timer/app_timer.o
 .text.sd_radio_session_close
                0x0002722c        0x8 ./src/nrf5-sdk/libraries/timer/app_timer.o
 .text.sd_radio_request
                0x00027234        0x8 ./src/nrf5-sdk/libraries/timer/app_timer.o
 .text.nrf_delay_us
                0x0002723c       0xa8 ./src/nrf5-sdk/libraries/timer/app_timer.o
 .text.rtc1_init
                0x000272e4       0x24 ./src/nrf5-sdk/libraries/timer/app_timer.o
 .text.rtc1_start
                0x00027308       0x44 ./src/nrf5-sdk/libraries/timer/app_timer.o
 .text.rtc1_stop
                0x0002734c       0x54 ./src/nrf5-sdk/libraries/timer/app_timer.o
 .text.rtc1_counter_get
                0x000273a0       0x18 ./src/nrf5-sdk/libraries/timer/app_timer.o
 .text.ticks_diff_get
                0x000273b8       0x20 ./src/nrf5-sdk/libraries/timer/app_timer.o
 .text.rtc1_compare0_set
                0x000273d8       0x20 ./src/nrf5-sdk/libraries/timer/app_timer.o
 .text.timer_list_insert
                0x000273f8       0xb4 ./src/nrf5-sdk/libraries/timer/app_timer.o
 .text.timer_list_remove
                0x000274ac       0xc0 ./src/nrf5-sdk/libraries/timer/app_timer.o
 .text.timer_timeouts_check_sched
                0x0002756c       0x10 ./src/nrf5-sdk/libraries/timer/app_timer.o
 .text.timer_list_handler_sched
                0x0002757c       0x10 ./src/nrf5-sdk/libraries/timer/app_timer.o
 .text.timeout_handler_exec
                0x0002758c       0x1c ./src/nrf5-sdk/libraries/timer/app_timer.o
 .text.timer_timeouts_check
                0x000275a8       0xc8 ./src/nrf5-sdk/libraries/timer/app_timer.o
 .text.elapsed_ticks_acquire
                0x00027670       0x80 ./src/nrf5-sdk/libraries/timer/app_timer.o
 .text.expired_timers_handler
                0x000276f0       0x9c ./src/nrf5-sdk/libraries/timer/app_timer.o
 .text.list_insertions_handler
                0x0002778c      0x1b8 ./src/nrf5-sdk/libraries/timer/app_timer.o
 .text.compare_reg_update
                0x00027944       0xb4 ./src/nrf5-sdk/libraries/timer/app_timer.o
 .text.timer_list_handler
                0x000279f8       0x74 ./src/nrf5-sdk/libraries/timer/app_timer.o
 .text.user_op_enque
                0x00027a6c       0x20 ./src/nrf5-sdk/libraries/timer/app_timer.o
 .text.user_op_alloc
                0x00027a8c       0x5c ./src/nrf5-sdk/libraries/timer/app_timer.o
 .text.timer_start_op_schedule
                0x00027ae8       0x84 ./src/nrf5-sdk/libraries/timer/app_timer.o
 .text.timer_stop_op_schedule
                0x00027b6c       0x68 ./src/nrf5-sdk/libraries/timer/app_timer.o
 .text.RTC1_IRQHandler
                0x00027bd4       0x40 ./src/nrf5-sdk/libraries/timer/app_timer.o
                0x00027bd4                RTC1_IRQHandler
 .text.SWI0_EGU0_IRQHandler
                0x00027c14        0xc ./src/nrf5-sdk/libraries/timer/app_timer.o
                0x00027c14                SWI0_EGU0_IRQHandler
 .text.app_timer_init
                0x00027c20       0x6c ./src/nrf5-sdk/libraries/timer/app_timer.o
                0x00027c20                app_timer_init
 .text.app_timer_create
                0x00027c8c       0x68 ./src/nrf5-sdk/libraries/timer/app_timer.o
                0x00027c8c                app_timer_create
 .text.app_timer_start
                0x00027cf4       0x68 ./src/nrf5-sdk/libraries/timer/app_timer.o
                0x00027cf4                app_timer_start
 .text.app_timer_stop
                0x00027d5c       0x48 ./src/nrf5-sdk/libraries/timer/app_timer.o
                0x00027d5c                app_timer_stop
 .text.app_timer_stop_all
                0x00027da4       0x24 ./src/nrf5-sdk/libraries/timer/app_timer.o
                0x00027da4                app_timer_stop_all
 .text.app_timer_cnt_get
                0x00027dc8       0x10 ./src/nrf5-sdk/libraries/timer/app_timer.o
                0x00027dc8                app_timer_cnt_get
 .text.app_timer_cnt_diff_compute
                0x00027dd8       0x1c ./src/nrf5-sdk/libraries/timer/app_timer.o
                0x00027dd8                app_timer_cnt_diff_compute
 .text.app_timer_pause
                0x00027df4       0x18 ./src/nrf5-sdk/libraries/timer/app_timer.o
                0x00027df4                app_timer_pause
 .text.app_timer_resume
                0x00027e0c       0x18 ./src/nrf5-sdk/libraries/timer/app_timer.o
                0x00027e0c                app_timer_resume
 .text          0x00027e24        0x0 ./src/nrf5-sdk/libraries/strerror/nrf_strerror.o
 .text.nrf_strerror_get
                0x00027e24       0x28 ./src/nrf5-sdk/libraries/strerror/nrf_strerror.o
                0x00027e24                nrf_strerror_get
 .text.nrf_strerror_find
                0x00027e4c       0x70 ./src/nrf5-sdk/libraries/strerror/nrf_strerror.o
                0x00027e4c                nrf_strerror_find
 .text          0x00027ebc        0x0 ./src/nrf5-sdk/libraries/fstorage/nrf_fstorage.o
 .text.nrf_fstorage_init
                0x00027ebc       0x38 ./src/nrf5-sdk/libraries/fstorage/nrf_fstorage.o
                0x00027ebc                nrf_fstorage_init
 .text.nrf_fstorage_uninit
                0x00027ef4       0x44 ./src/nrf5-sdk/libraries/fstorage/nrf_fstorage.o
                0x00027ef4                nrf_fstorage_uninit
 .text.nrf_fstorage_read
                0x00027f38       0x7c ./src/nrf5-sdk/libraries/fstorage/nrf_fstorage.o
                0x00027f38                nrf_fstorage_read
 .text.nrf_fstorage_write
                0x00027fb4       0xa8 ./src/nrf5-sdk/libraries/fstorage/nrf_fstorage.o
                0x00027fb4                nrf_fstorage_write
 .text.nrf_fstorage_erase
                0x0002805c       0x80 ./src/nrf5-sdk/libraries/fstorage/nrf_fstorage.o
                0x0002805c                nrf_fstorage_erase
 .text.nrf_fstorage_rmap
                0x000280dc       0x2c ./src/nrf5-sdk/libraries/fstorage/nrf_fstorage.o
                0x000280dc                nrf_fstorage_rmap
 .text.nrf_fstorage_wmap
                0x00028108       0x2c ./src/nrf5-sdk/libraries/fstorage/nrf_fstorage.o
                0x00028108                nrf_fstorage_wmap
 .text.nrf_fstorage_is_busy
                0x00028134       0x88 ./src/nrf5-sdk/libraries/fstorage/nrf_fstorage.o
                0x00028134                nrf_fstorage_is_busy
 .text.addr_within_bounds
                0x000281bc       0x40 ./src/nrf5-sdk/libraries/fstorage/nrf_fstorage.o
 .text.addr_is_aligned32
                0x000281fc       0x24 ./src/nrf5-sdk/libraries/fstorage/nrf_fstorage.o
 .text          0x00028220        0x0 ./src/nrf5-sdk/libraries/experimental_section_vars/nrf_section_iter.o
 .text.nrf_section_iter_init
                0x00028220       0x3c ./src/nrf5-sdk/libraries/experimental_section_vars/nrf_section_iter.o
                0x00028220                nrf_section_iter_init
 .text.nrf_section_iter_next
                0x0002825c       0x48 ./src/nrf5-sdk/libraries/experimental_section_vars/nrf_section_iter.o
                0x0002825c                nrf_section_iter_next
 .text          0x000282a4        0x0 ./src/nrf5-sdk/libraries/experimental_memobj/nrf_memobj.o
 .text.sd_mutex_new
                0x000282a4        0x8 ./src/nrf5-sdk/libraries/experimental_memobj/nrf_memobj.o
 .text.sd_mutex_acquire
                0x000282ac        0x8 ./src/nrf5-sdk/libraries/experimental_memobj/nrf_memobj.o
 .text.sd_mutex_release
                0x000282b4        0x8 ./src/nrf5-sdk/libraries/experimental_memobj/nrf_memobj.o
 .text.sd_rand_application_pool_capacity_get
                0x000282bc        0x8 ./src/nrf5-sdk/libraries/experimental_memobj/nrf_memobj.o
 .text.sd_rand_application_bytes_available_get
                0x000282c4        0x8 ./src/nrf5-sdk/libraries/experimental_memobj/nrf_memobj.o
 .text.sd_rand_application_vector_get
                0x000282cc        0x8 ./src/nrf5-sdk/libraries/experimental_memobj/nrf_memobj.o
 .text.sd_power_reset_reason_get
                0x000282d4        0x8 ./src/nrf5-sdk/libraries/experimental_memobj/nrf_memobj.o
 .text.sd_power_reset_reason_clr
                0x000282dc        0x8 ./src/nrf5-sdk/libraries/experimental_memobj/nrf_memobj.o
 .text.sd_power_mode_set
                0x000282e4        0x8 ./src/nrf5-sdk/libraries/experimental_memobj/nrf_memobj.o
 .text.sd_power_system_off
                0x000282ec        0x8 ./src/nrf5-sdk/libraries/experimental_memobj/nrf_memobj.o
 .text.sd_power_pof_enable
                0x000282f4        0x8 ./src/nrf5-sdk/libraries/experimental_memobj/nrf_memobj.o
 .text.sd_power_pof_threshold_set
                0x000282fc        0x8 ./src/nrf5-sdk/libraries/experimental_memobj/nrf_memobj.o
 .text.sd_power_ram_power_set
                0x00028304        0x8 ./src/nrf5-sdk/libraries/experimental_memobj/nrf_memobj.o
 .text.sd_power_ram_power_clr
                0x0002830c        0x8 ./src/nrf5-sdk/libraries/experimental_memobj/nrf_memobj.o
 .text.sd_power_ram_power_get
                0x00028314        0x8 ./src/nrf5-sdk/libraries/experimental_memobj/nrf_memobj.o
 .text.sd_power_gpregret_set
                0x0002831c        0x8 ./src/nrf5-sdk/libraries/experimental_memobj/nrf_memobj.o
 .text.sd_power_gpregret_clr
                0x00028324        0x8 ./src/nrf5-sdk/libraries/experimental_memobj/nrf_memobj.o
 .text.sd_power_gpregret_get
                0x0002832c        0x8 ./src/nrf5-sdk/libraries/experimental_memobj/nrf_memobj.o
 .text.sd_power_dcdc_mode_set
                0x00028334        0x8 ./src/nrf5-sdk/libraries/experimental_memobj/nrf_memobj.o
 .text.sd_clock_hfclk_request
                0x0002833c        0x8 ./src/nrf5-sdk/libraries/experimental_memobj/nrf_memobj.o
 .text.sd_clock_hfclk_release
                0x00028344        0x8 ./src/nrf5-sdk/libraries/experimental_memobj/nrf_memobj.o
 .text.sd_clock_hfclk_is_running
                0x0002834c        0x8 ./src/nrf5-sdk/libraries/experimental_memobj/nrf_memobj.o
 .text.sd_app_evt_wait
                0x00028354        0x8 ./src/nrf5-sdk/libraries/experimental_memobj/nrf_memobj.o
 .text.sd_ppi_channel_enable_get
                0x0002835c        0x8 ./src/nrf5-sdk/libraries/experimental_memobj/nrf_memobj.o
 .text.sd_ppi_channel_enable_set
                0x00028364        0x8 ./src/nrf5-sdk/libraries/experimental_memobj/nrf_memobj.o
 .text.sd_ppi_channel_enable_clr
                0x0002836c        0x8 ./src/nrf5-sdk/libraries/experimental_memobj/nrf_memobj.o
 .text.sd_ppi_channel_assign
                0x00028374        0x8 ./src/nrf5-sdk/libraries/experimental_memobj/nrf_memobj.o
 .text.sd_ppi_group_task_enable
                0x0002837c        0x8 ./src/nrf5-sdk/libraries/experimental_memobj/nrf_memobj.o
 .text.sd_ppi_group_task_disable
                0x00028384        0x8 ./src/nrf5-sdk/libraries/experimental_memobj/nrf_memobj.o
 .text.sd_ppi_group_assign
                0x0002838c        0x8 ./src/nrf5-sdk/libraries/experimental_memobj/nrf_memobj.o
 .text.sd_ppi_group_get
                0x00028394        0x8 ./src/nrf5-sdk/libraries/experimental_memobj/nrf_memobj.o
 .text.sd_radio_notification_cfg_set
                0x0002839c        0x8 ./src/nrf5-sdk/libraries/experimental_memobj/nrf_memobj.o
 .text.sd_ecb_block_encrypt
                0x000283a4        0x8 ./src/nrf5-sdk/libraries/experimental_memobj/nrf_memobj.o
 .text.sd_ecb_blocks_encrypt
                0x000283ac        0x8 ./src/nrf5-sdk/libraries/experimental_memobj/nrf_memobj.o
 .text.sd_evt_get
                0x000283b4        0x8 ./src/nrf5-sdk/libraries/experimental_memobj/nrf_memobj.o
 .text.sd_temp_get
                0x000283bc        0x8 ./src/nrf5-sdk/libraries/experimental_memobj/nrf_memobj.o
 .text.sd_flash_write
                0x000283c4        0x8 ./src/nrf5-sdk/libraries/experimental_memobj/nrf_memobj.o
 .text.sd_flash_page_erase
                0x000283cc        0x8 ./src/nrf5-sdk/libraries/experimental_memobj/nrf_memobj.o
 .text.sd_flash_protect
                0x000283d4        0x8 ./src/nrf5-sdk/libraries/experimental_memobj/nrf_memobj.o
 .text.sd_radio_session_open
                0x000283dc        0x8 ./src/nrf5-sdk/libraries/experimental_memobj/nrf_memobj.o
 .text.sd_radio_session_close
                0x000283e4        0x8 ./src/nrf5-sdk/libraries/experimental_memobj/nrf_memobj.o
 .text.sd_radio_request
                0x000283ec        0x8 ./src/nrf5-sdk/libraries/experimental_memobj/nrf_memobj.o
 .text.nrf_atomic_u32_add
                0x000283f4       0x34 ./src/nrf5-sdk/libraries/experimental_memobj/nrf_memobj.o
 .text.nrf_atomic_u32_sub
                0x00028428       0x34 ./src/nrf5-sdk/libraries/experimental_memobj/nrf_memobj.o
 .text.nrf_memobj_pool_init
                0x0002845c       0x18 ./src/nrf5-sdk/libraries/experimental_memobj/nrf_memobj.o
                0x0002845c                nrf_memobj_pool_init
 .text.nrf_memobj_alloc
                0x00028474       0xd0 ./src/nrf5-sdk/libraries/experimental_memobj/nrf_memobj.o
                0x00028474                nrf_memobj_alloc
 .text.nrf_memobj_free
                0x00028544       0x70 ./src/nrf5-sdk/libraries/experimental_memobj/nrf_memobj.o
                0x00028544                nrf_memobj_free
 .text.nrf_memobj_get
                0x000285b4       0x20 ./src/nrf5-sdk/libraries/experimental_memobj/nrf_memobj.o
                0x000285b4                nrf_memobj_get
 .text.nrf_memobj_put
                0x000285d4       0x38 ./src/nrf5-sdk/libraries/experimental_memobj/nrf_memobj.o
                0x000285d4                nrf_memobj_put
 .text.memobj_op
                0x0002860c       0xe8 ./src/nrf5-sdk/libraries/experimental_memobj/nrf_memobj.o
 .text.nrf_memobj_write
                0x000286f4       0x28 ./src/nrf5-sdk/libraries/experimental_memobj/nrf_memobj.o
                0x000286f4                nrf_memobj_write
 .text.nrf_memobj_read
                0x0002871c       0x28 ./src/nrf5-sdk/libraries/experimental_memobj/nrf_memobj.o
                0x0002871c                nrf_memobj_read
 .text          0x00028744        0x0 ./src/nrf5-sdk/libraries/experimental_log/nrf_log_backend_rtt.o
 .text.sd_mutex_new
                0x00028744        0x8 ./src/nrf5-sdk/libraries/experimental_log/nrf_log_backend_rtt.o
 .text.sd_mutex_acquire
                0x0002874c        0x8 ./src/nrf5-sdk/libraries/experimental_log/nrf_log_backend_rtt.o
 .text.sd_mutex_release
                0x00028754        0x8 ./src/nrf5-sdk/libraries/experimental_log/nrf_log_backend_rtt.o
 .text.sd_rand_application_pool_capacity_get
                0x0002875c        0x8 ./src/nrf5-sdk/libraries/experimental_log/nrf_log_backend_rtt.o
 .text.sd_rand_application_bytes_available_get
                0x00028764        0x8 ./src/nrf5-sdk/libraries/experimental_log/nrf_log_backend_rtt.o
 .text.sd_rand_application_vector_get
                0x0002876c        0x8 ./src/nrf5-sdk/libraries/experimental_log/nrf_log_backend_rtt.o
 .text.sd_power_reset_reason_get
                0x00028774        0x8 ./src/nrf5-sdk/libraries/experimental_log/nrf_log_backend_rtt.o
 .text.sd_power_reset_reason_clr
                0x0002877c        0x8 ./src/nrf5-sdk/libraries/experimental_log/nrf_log_backend_rtt.o
 .text.sd_power_mode_set
                0x00028784        0x8 ./src/nrf5-sdk/libraries/experimental_log/nrf_log_backend_rtt.o
 .text.sd_power_system_off
                0x0002878c        0x8 ./src/nrf5-sdk/libraries/experimental_log/nrf_log_backend_rtt.o
 .text.sd_power_pof_enable
                0x00028794        0x8 ./src/nrf5-sdk/libraries/experimental_log/nrf_log_backend_rtt.o
 .text.sd_power_pof_threshold_set
                0x0002879c        0x8 ./src/nrf5-sdk/libraries/experimental_log/nrf_log_backend_rtt.o
 .text.sd_power_ram_power_set
                0x000287a4        0x8 ./src/nrf5-sdk/libraries/experimental_log/nrf_log_backend_rtt.o
 .text.sd_power_ram_power_clr
                0x000287ac        0x8 ./src/nrf5-sdk/libraries/experimental_log/nrf_log_backend_rtt.o
 .text.sd_power_ram_power_get
                0x000287b4        0x8 ./src/nrf5-sdk/libraries/experimental_log/nrf_log_backend_rtt.o
 .text.sd_power_gpregret_set
                0x000287bc        0x8 ./src/nrf5-sdk/libraries/experimental_log/nrf_log_backend_rtt.o
 .text.sd_power_gpregret_clr
                0x000287c4        0x8 ./src/nrf5-sdk/libraries/experimental_log/nrf_log_backend_rtt.o
 .text.sd_power_gpregret_get
                0x000287cc        0x8 ./src/nrf5-sdk/libraries/experimental_log/nrf_log_backend_rtt.o
 .text.sd_power_dcdc_mode_set
                0x000287d4        0x8 ./src/nrf5-sdk/libraries/experimental_log/nrf_log_backend_rtt.o
 .text.sd_clock_hfclk_request
                0x000287dc        0x8 ./src/nrf5-sdk/libraries/experimental_log/nrf_log_backend_rtt.o
 .text.sd_clock_hfclk_release
                0x000287e4        0x8 ./src/nrf5-sdk/libraries/experimental_log/nrf_log_backend_rtt.o
 .text.sd_clock_hfclk_is_running
                0x000287ec        0x8 ./src/nrf5-sdk/libraries/experimental_log/nrf_log_backend_rtt.o
 .text.sd_app_evt_wait
                0x000287f4        0x8 ./src/nrf5-sdk/libraries/experimental_log/nrf_log_backend_rtt.o
 .text.sd_ppi_channel_enable_get
                0x000287fc        0x8 ./src/nrf5-sdk/libraries/experimental_log/nrf_log_backend_rtt.o
 .text.sd_ppi_channel_enable_set
                0x00028804        0x8 ./src/nrf5-sdk/libraries/experimental_log/nrf_log_backend_rtt.o
 .text.sd_ppi_channel_enable_clr
                0x0002880c        0x8 ./src/nrf5-sdk/libraries/experimental_log/nrf_log_backend_rtt.o
 .text.sd_ppi_channel_assign
                0x00028814        0x8 ./src/nrf5-sdk/libraries/experimental_log/nrf_log_backend_rtt.o
 .text.sd_ppi_group_task_enable
                0x0002881c        0x8 ./src/nrf5-sdk/libraries/experimental_log/nrf_log_backend_rtt.o
 .text.sd_ppi_group_task_disable
                0x00028824        0x8 ./src/nrf5-sdk/libraries/experimental_log/nrf_log_backend_rtt.o
 .text.sd_ppi_group_assign
                0x0002882c        0x8 ./src/nrf5-sdk/libraries/experimental_log/nrf_log_backend_rtt.o
 .text.sd_ppi_group_get
                0x00028834        0x8 ./src/nrf5-sdk/libraries/experimental_log/nrf_log_backend_rtt.o
 .text.sd_radio_notification_cfg_set
                0x0002883c        0x8 ./src/nrf5-sdk/libraries/experimental_log/nrf_log_backend_rtt.o
 .text.sd_ecb_block_encrypt
                0x00028844        0x8 ./src/nrf5-sdk/libraries/experimental_log/nrf_log_backend_rtt.o
 .text.sd_ecb_blocks_encrypt
                0x0002884c        0x8 ./src/nrf5-sdk/libraries/experimental_log/nrf_log_backend_rtt.o
 .text.sd_evt_get
                0x00028854        0x8 ./src/nrf5-sdk/libraries/experimental_log/nrf_log_backend_rtt.o
 .text.sd_temp_get
                0x0002885c        0x8 ./src/nrf5-sdk/libraries/experimental_log/nrf_log_backend_rtt.o
 .text.sd_flash_write
                0x00028864        0x8 ./src/nrf5-sdk/libraries/experimental_log/nrf_log_backend_rtt.o
 .text.sd_flash_page_erase
                0x0002886c        0x8 ./src/nrf5-sdk/libraries/experimental_log/nrf_log_backend_rtt.o
 .text.sd_flash_protect
                0x00028874        0x8 ./src/nrf5-sdk/libraries/experimental_log/nrf_log_backend_rtt.o
 .text.sd_radio_session_open
                0x0002887c        0x8 ./src/nrf5-sdk/libraries/experimental_log/nrf_log_backend_rtt.o
 .text.sd_radio_session_close
                0x00028884        0x8 ./src/nrf5-sdk/libraries/experimental_log/nrf_log_backend_rtt.o
 .text.sd_radio_request
                0x0002888c        0x8 ./src/nrf5-sdk/libraries/experimental_log/nrf_log_backend_rtt.o
 .text.nrf_log_backend_rtt_init
                0x00028894        0xc ./src/nrf5-sdk/libraries/experimental_log/nrf_log_backend_rtt.o
                0x00028894                nrf_log_backend_rtt_init
 .text.serial_tx
                0x000288a0       0x60 ./src/nrf5-sdk/libraries/experimental_log/nrf_log_backend_rtt.o
 .text.nrf_log_backend_rtt_put
                0x00028900       0x2c ./src/nrf5-sdk/libraries/experimental_log/nrf_log_backend_rtt.o
 .text.nrf_log_backend_rtt_flush
                0x0002892c       0x14 ./src/nrf5-sdk/libraries/experimental_log/nrf_log_backend_rtt.o
 .text.nrf_log_backend_rtt_panic_set
                0x00028940       0x14 ./src/nrf5-sdk/libraries/experimental_log/nrf_log_backend_rtt.o
 .text          0x00028954        0x0 ./src/nrf5-sdk/libraries/experimental_log/nrf_log_backend_serial.o
 .text.sd_mutex_new
                0x00028954        0x8 ./src/nrf5-sdk/libraries/experimental_log/nrf_log_backend_serial.o
 .text.sd_mutex_acquire
                0x0002895c        0x8 ./src/nrf5-sdk/libraries/experimental_log/nrf_log_backend_serial.o
 .text.sd_mutex_release
                0x00028964        0x8 ./src/nrf5-sdk/libraries/experimental_log/nrf_log_backend_serial.o
 .text.sd_rand_application_pool_capacity_get
                0x0002896c        0x8 ./src/nrf5-sdk/libraries/experimental_log/nrf_log_backend_serial.o
 .text.sd_rand_application_bytes_available_get
                0x00028974        0x8 ./src/nrf5-sdk/libraries/experimental_log/nrf_log_backend_serial.o
 .text.sd_rand_application_vector_get
                0x0002897c        0x8 ./src/nrf5-sdk/libraries/experimental_log/nrf_log_backend_serial.o
 .text.sd_power_reset_reason_get
                0x00028984        0x8 ./src/nrf5-sdk/libraries/experimental_log/nrf_log_backend_serial.o
 .text.sd_power_reset_reason_clr
                0x0002898c        0x8 ./src/nrf5-sdk/libraries/experimental_log/nrf_log_backend_serial.o
 .text.sd_power_mode_set
                0x00028994        0x8 ./src/nrf5-sdk/libraries/experimental_log/nrf_log_backend_serial.o
 .text.sd_power_system_off
                0x0002899c        0x8 ./src/nrf5-sdk/libraries/experimental_log/nrf_log_backend_serial.o
 .text.sd_power_pof_enable
                0x000289a4        0x8 ./src/nrf5-sdk/libraries/experimental_log/nrf_log_backend_serial.o
 .text.sd_power_pof_threshold_set
                0x000289ac        0x8 ./src/nrf5-sdk/libraries/experimental_log/nrf_log_backend_serial.o
 .text.sd_power_ram_power_set
                0x000289b4        0x8 ./src/nrf5-sdk/libraries/experimental_log/nrf_log_backend_serial.o
 .text.sd_power_ram_power_clr
                0x000289bc        0x8 ./src/nrf5-sdk/libraries/experimental_log/nrf_log_backend_serial.o
 .text.sd_power_ram_power_get
                0x000289c4        0x8 ./src/nrf5-sdk/libraries/experimental_log/nrf_log_backend_serial.o
 .text.sd_power_gpregret_set
                0x000289cc        0x8 ./src/nrf5-sdk/libraries/experimental_log/nrf_log_backend_serial.o
 .text.sd_power_gpregret_clr
                0x000289d4        0x8 ./src/nrf5-sdk/libraries/experimental_log/nrf_log_backend_serial.o
 .text.sd_power_gpregret_get
                0x000289dc        0x8 ./src/nrf5-sdk/libraries/experimental_log/nrf_log_backend_serial.o
 .text.sd_power_dcdc_mode_set
                0x000289e4        0x8 ./src/nrf5-sdk/libraries/experimental_log/nrf_log_backend_serial.o
 .text.sd_clock_hfclk_request
                0x000289ec        0x8 ./src/nrf5-sdk/libraries/experimental_log/nrf_log_backend_serial.o
 .text.sd_clock_hfclk_release
                0x000289f4        0x8 ./src/nrf5-sdk/libraries/experimental_log/nrf_log_backend_serial.o
 .text.sd_clock_hfclk_is_running
                0x000289fc        0x8 ./src/nrf5-sdk/libraries/experimental_log/nrf_log_backend_serial.o
 .text.sd_app_evt_wait
                0x00028a04        0x8 ./src/nrf5-sdk/libraries/experimental_log/nrf_log_backend_serial.o
 .text.sd_ppi_channel_enable_get
                0x00028a0c        0x8 ./src/nrf5-sdk/libraries/experimental_log/nrf_log_backend_serial.o
 .text.sd_ppi_channel_enable_set
                0x00028a14        0x8 ./src/nrf5-sdk/libraries/experimental_log/nrf_log_backend_serial.o
 .text.sd_ppi_channel_enable_clr
                0x00028a1c        0x8 ./src/nrf5-sdk/libraries/experimental_log/nrf_log_backend_serial.o
 .text.sd_ppi_channel_assign
                0x00028a24        0x8 ./src/nrf5-sdk/libraries/experimental_log/nrf_log_backend_serial.o
 .text.sd_ppi_group_task_enable
                0x00028a2c        0x8 ./src/nrf5-sdk/libraries/experimental_log/nrf_log_backend_serial.o
 .text.sd_ppi_group_task_disable
                0x00028a34        0x8 ./src/nrf5-sdk/libraries/experimental_log/nrf_log_backend_serial.o
 .text.sd_ppi_group_assign
                0x00028a3c        0x8 ./src/nrf5-sdk/libraries/experimental_log/nrf_log_backend_serial.o
 .text.sd_ppi_group_get
                0x00028a44        0x8 ./src/nrf5-sdk/libraries/experimental_log/nrf_log_backend_serial.o
 .text.sd_radio_notification_cfg_set
                0x00028a4c        0x8 ./src/nrf5-sdk/libraries/experimental_log/nrf_log_backend_serial.o
 .text.sd_ecb_block_encrypt
                0x00028a54        0x8 ./src/nrf5-sdk/libraries/experimental_log/nrf_log_backend_serial.o
 .text.sd_ecb_blocks_encrypt
                0x00028a5c        0x8 ./src/nrf5-sdk/libraries/experimental_log/nrf_log_backend_serial.o
 .text.sd_evt_get
                0x00028a64        0x8 ./src/nrf5-sdk/libraries/experimental_log/nrf_log_backend_serial.o
 .text.sd_temp_get
                0x00028a6c        0x8 ./src/nrf5-sdk/libraries/experimental_log/nrf_log_backend_serial.o
 .text.sd_flash_write
                0x00028a74        0x8 ./src/nrf5-sdk/libraries/experimental_log/nrf_log_backend_serial.o
 .text.sd_flash_page_erase
                0x00028a7c        0x8 ./src/nrf5-sdk/libraries/experimental_log/nrf_log_backend_serial.o
 .text.sd_flash_protect
                0x00028a84        0x8 ./src/nrf5-sdk/libraries/experimental_log/nrf_log_backend_serial.o
 .text.sd_radio_session_open
                0x00028a8c        0x8 ./src/nrf5-sdk/libraries/experimental_log/nrf_log_backend_serial.o
 .text.sd_radio_session_close
                0x00028a94        0x8 ./src/nrf5-sdk/libraries/experimental_log/nrf_log_backend_serial.o
 .text.sd_radio_request
                0x00028a9c        0x8 ./src/nrf5-sdk/libraries/experimental_log/nrf_log_backend_serial.o
 .text.nrf_log_backend_serial_put
                0x00028aa4      0x160 ./src/nrf5-sdk/libraries/experimental_log/nrf_log_backend_serial.o
                0x00028aa4                nrf_log_backend_serial_put
 .text          0x00028c04        0x0 ./src/nrf5-sdk/libraries/experimental_log/nrf_log_backend_uart.o
 .text          0x00028c04        0x0 ./src/nrf5-sdk/libraries/experimental_log/nrf_log_default_backends.o
 .text.sd_mutex_new
                0x00028c04        0x8 ./src/nrf5-sdk/libraries/experimental_log/nrf_log_default_backends.o
 .text.sd_mutex_acquire
                0x00028c0c        0x8 ./src/nrf5-sdk/libraries/experimental_log/nrf_log_default_backends.o
 .text.sd_mutex_release
                0x00028c14        0x8 ./src/nrf5-sdk/libraries/experimental_log/nrf_log_default_backends.o
 .text.sd_rand_application_pool_capacity_get